Archive member included to satisfy reference by file (symbol)

c:/program files (x86)/atmel/studio/7.0/toolchain/avr8/avr8-gnu-toolchain/bin/../lib/gcc/avr/5.4.0/avr5\libgcc.a(_udivmodhi4.o)
                              my_lib/Lcd_i2c_1602.o (__udivmodhi4)
c:/program files (x86)/atmel/studio/7.0/toolchain/avr8/avr8-gnu-toolchain/bin/../lib/gcc/avr/5.4.0/avr5\libgcc.a(_udivmodsi4.o)
                              my_lib/line_chacker.o (__udivmodsi4)
c:/program files (x86)/atmel/studio/7.0/toolchain/avr8/avr8-gnu-toolchain/bin/../lib/gcc/avr/5.4.0/avr5\libgcc.a(_exit.o)
                              C:/Program Files (x86)/Atmel/Studio/7.0/Packs/atmel/ATmega_DFP/1.6.364/gcc/dev/atmega32a/avr5/crtatmega32a.o (exit)
c:/program files (x86)/atmel/studio/7.0/toolchain/avr8/avr8-gnu-toolchain/bin/../lib/gcc/avr/5.4.0/avr5\libgcc.a(_tablejump2.o)
                              my_lib/relay.o (__tablejump2__)
c:/program files (x86)/atmel/studio/7.0/toolchain/avr8/avr8-gnu-toolchain/bin/../lib/gcc/avr/5.4.0/avr5\libgcc.a(_copy_data.o)
                              my_lib/i2c.o (__do_copy_data)
c:/program files (x86)/atmel/studio/7.0/toolchain/avr8/avr8-gnu-toolchain/bin/../lib/gcc/avr/5.4.0/avr5\libgcc.a(_clear_bss.o)
                              main.o (__do_clear_bss)
c:/program files (x86)/atmel/studio/7.0/toolchain/avr8/avr8-gnu-toolchain/bin/../lib/gcc/avr/5.4.0/avr5\libgcc.a(_umulhisi3.o)
                              my_lib/line_chacker.o (__umulhisi3)
c:/program files (x86)/atmel/studio/7.0/toolchain/avr8/avr8-gnu-toolchain/bin/../lib/gcc/avr/5.4.0/avr5\libgcc.a(_muluhisi3.o)
                              my_lib/line_chacker.o (__muluhisi3)

Allocating common symbols
Common symbol       size              file

RA_ConfigStr        0x8               my_lib/usart.o
UsartWorkReg        0x4               my_lib/usart.o
ButtonFacePanelStr  0x5               my_lib/pt6964.o
StateLineStr        0x8               my_lib/line_chacker.o
WorkRegStr          0x7               my_lib/usart.o
ReferenceMeasureResisStr
                    0x10              my_lib/line_chacker.o
Timer0CountersStr   0x10              my_lib/timers.o
i2c_Index           0x1               my_lib/i2c.o
CoefficientStr      0x10              my_lib/line_chacker.o
i2c_SlaveAddress    0x1               my_lib/i2c.o
i2c_OutBuff         0x3               my_lib/i2c.o
i2c_PageAddrCount   0x1               my_lib/i2c.o
i2c_PageAddress     0x2               my_lib/i2c.o
i2c_PageAddrIndex   0x1               my_lib/i2c.o
i2c_SlaveRegAddr    0x1               my_lib/i2c.o
ButtonSostStr       0x6               my_lib/pt6964.o
i2c_BufPtr          0x2               my_lib/i2c.o
i2c_ByteCount       0x1               my_lib/i2c.o
IndicatorsFacePanelStr
                    0xb               my_lib/pt6964.o
i2c_SlaveIndex      0x1               my_lib/i2c.o
i2c_InBuff          0x3               my_lib/i2c.o
i2c_Do              0x1               my_lib/i2c.o

Discarded input sections

 .data          0x00000000        0x0 C:/Program Files (x86)/Atmel/Studio/7.0/Packs/atmel/ATmega_DFP/1.6.364/gcc/dev/atmega32a/avr5/crtatmega32a.o
 .bss           0x00000000        0x0 C:/Program Files (x86)/Atmel/Studio/7.0/Packs/atmel/ATmega_DFP/1.6.364/gcc/dev/atmega32a/avr5/crtatmega32a.o
 .text          0x00000000        0x0 main.o
 .data          0x00000000        0x0 main.o
 .bss           0x00000000        0x0 main.o
 .text          0x00000000        0x0 my_lib/adc.o
 .data          0x00000000        0x0 my_lib/adc.o
 .bss           0x00000000        0x0 my_lib/adc.o
 .text.adc_init
                0x00000000        0x8 my_lib/adc.o
 .text.get_adc_measure
                0x00000000       0x28 my_lib/adc.o
 .text          0x00000000        0x0 my_lib/charge.o
 .data          0x00000000        0x0 my_lib/charge.o
 .bss           0x00000000        0x0 my_lib/charge.o
 .text.charge_init
                0x00000000        0xa my_lib/charge.o
 .text.set_charge_indication
                0x00000000        0x6 my_lib/charge.o
 .text.clear_charge_indication
                0x00000000       0x14 my_lib/charge.o
 .text.charge_monitoring_on
                0x00000000       0xd6 my_lib/charge.o
 .bss.measure.2199
                0x00000000        0x2 my_lib/charge.o
 .text          0x00000000        0x0 my_lib/i2c.o
 .data          0x00000000        0x0 my_lib/i2c.o
 .bss           0x00000000        0x0 my_lib/i2c.o
 .text.I2C_Init_Slave
                0x00000000       0x12 my_lib/i2c.o
 .text.I2C_SetState
                0x00000000        0x6 my_lib/i2c.o
 .text.I2C_GetState
                0x00000000        0x6 my_lib/i2c.o
 .text.I2C_StartRead
                0x00000000       0x3a my_lib/i2c.o
 .text          0x00000000        0x0 my_lib/Lcd_i2c_1602.o
 .data          0x00000000        0x0 my_lib/Lcd_i2c_1602.o
 .bss           0x00000000        0x0 my_lib/Lcd_i2c_1602.o
 .text.lcd_set_cursor
                0x00000000        0xc my_lib/Lcd_i2c_1602.o
 .text.lcd_print_ch
                0x00000000        0x6 my_lib/Lcd_i2c_1602.o
 .text.lcd_print_string
                0x00000000       0x1a my_lib/Lcd_i2c_1602.o
 .text.lcd_BinToDec
                0x00000000       0x7c my_lib/Lcd_i2c_1602.o
 .text.lcd_BacklightON
                0x00000000        0x8 my_lib/Lcd_i2c_1602.o
 .text.lcd_BacklightOFF
                0x00000000        0x8 my_lib/Lcd_i2c_1602.o
 .text          0x00000000        0x0 my_lib/line_chacker.o
 .data          0x00000000        0x0 my_lib/line_chacker.o
 .bss           0x00000000        0x0 my_lib/line_chacker.o
 .text.clear_line_status
                0x00000000       0x26 my_lib/line_chacker.o
 .text.measure_resistence_one_line
                0x00000000      0x144 my_lib/line_chacker.o
 .text.calculate_procent
                0x00000000       0x7a my_lib/line_chacker.o
 .text.line_check
                0x00000000      0x144 my_lib/line_chacker.o
 .text.calibration_adc_for_line_checker
                0x00000000       0x96 my_lib/line_chacker.o
 .text.set_lines_to_control
                0x00000000        0xc my_lib/line_chacker.o
 .text.get_lines_to_control
                0x00000000        0x6 my_lib/line_chacker.o
 .text.get_alarms_lines
                0x00000000       0x14 my_lib/line_chacker.o
 .text.measure_resistence_all_line_after_power_on
                0x00000000       0xe8 my_lib/line_chacker.o
 .text.measure_resistence_line_after_timeout
                0x00000000       0x66 my_lib/line_chacker.o
 .text.one_line_check
                0x00000000       0x8e my_lib/line_chacker.o
 .text.start_short_indication
                0x00000000       0x46 my_lib/line_chacker.o
 .bss.LevelLC   0x00000000        0x1 my_lib/line_chacker.o
 .bss.CalibrCoeff
                0x00000000        0x2 my_lib/line_chacker.o
 .text          0x00000000        0x0 my_lib/eep.o
 .data          0x00000000        0x0 my_lib/eep.o
 .bss           0x00000000        0x0 my_lib/eep.o
 .text.eep_write_byte
                0x00000000       0x16 my_lib/eep.o
 .text.eep_read_byte
                0x00000000       0x14 my_lib/eep.o
 .text.eep_write_configuration
                0x00000000       0x3c my_lib/eep.o
 .text.eep_read_configuration
                0x00000000       0xbc my_lib/eep.o
 .text.eep_write_set_lines_to_control
                0x00000000       0x1c my_lib/eep.o
 .text.eep_read_set_lines_to_control
                0x00000000       0x2a my_lib/eep.o
 .debug_info    0x00000000      0x356 my_lib/eep.o
 .debug_abbrev  0x00000000      0x16d my_lib/eep.o
 .debug_loc     0x00000000      0x33a my_lib/eep.o
 .debug_aranges
                0x00000000       0x48 my_lib/eep.o
 .debug_ranges  0x00000000       0x38 my_lib/eep.o
 .debug_line    0x00000000      0x215 my_lib/eep.o
 .debug_str     0x00000000      0x290 my_lib/eep.o
 .comment       0x00000000       0x31 my_lib/eep.o
 .debug_frame   0x00000000       0xec my_lib/eep.o
 .text          0x00000000        0x0 my_lib/relay.o
 .data          0x00000000        0x0 my_lib/relay.o
 .bss           0x00000000        0x0 my_lib/relay.o
 .text.relay_em_init
                0x00000000       0x1c my_lib/relay.o
 .text.set_relay
                0x00000000       0x44 my_lib/relay.o
 .text.get_emergency_input
                0x00000000        0x6 my_lib/relay.o
 .text.set_discret_output
                0x00000000       0xae my_lib/relay.o
 .progmem.gcc_sw_table.set_discret_output
                0x00000000        0xe my_lib/relay.o
 .text.select_audio_source
                0x00000000       0x5e my_lib/relay.o
 .text.power_amplifier_control
                0x00000000       0x2a my_lib/relay.o
 .text.consol_select_audio_channel
                0x00000000       0x3a my_lib/relay.o
 .bss.buf.2184  0x00000000        0x3 my_lib/relay.o
 .bss.SostDD4   0x00000000        0x1 my_lib/relay.o
 .bss.EmergencyInputSost
                0x00000000        0x1 my_lib/relay.o
 .text          0x00000000        0x0 my_lib/hef4052.o
 .data          0x00000000        0x0 my_lib/hef4052.o
 .bss           0x00000000        0x0 my_lib/hef4052.o
 .text.hef4052_init
                0x00000000        0xe my_lib/hef4052.o
 .text.hef4052_master_in
                0x00000000       0x24 my_lib/hef4052.o
 .text.hef4052_um
                0x00000000       0x24 my_lib/hef4052.o
 .debug_info    0x00000000       0xcf my_lib/hef4052.o
 .debug_abbrev  0x00000000       0x92 my_lib/hef4052.o
 .debug_aranges
                0x00000000       0x30 my_lib/hef4052.o
 .debug_ranges  0x00000000       0x20 my_lib/hef4052.o
 .debug_line    0x00000000      0x12f my_lib/hef4052.o
 .debug_str     0x00000000      0x181 my_lib/hef4052.o
 .comment       0x00000000       0x31 my_lib/hef4052.o
 .debug_frame   0x00000000       0x44 my_lib/hef4052.o
 .text          0x00000000        0x0 my_lib/pt6964.o
 .data          0x00000000        0x0 my_lib/pt6964.o
 .bss           0x00000000        0x0 my_lib/pt6964.o
 .text.pt6964_init
                0x00000000        0xe my_lib/pt6964.o
 .text.bin_to_dec
                0x00000000       0x18 my_lib/pt6964.o
 .text.power_led_green
                0x00000000       0x30 my_lib/pt6964.o
 .text.power_led_blink_green
                0x00000000       0x10 my_lib/pt6964.o
 .text.set_speaker_led_green
                0x00000000       0x96 my_lib/pt6964.o
 .text.set_speaker_led_red
                0x00000000       0x96 my_lib/pt6964.o
 .text.config_parameter_selection
                0x00000000       0x44 my_lib/pt6964.o
 .text.modification_config_parameter
                0x00000000       0x7c my_lib/pt6964.o
 .bss.ButtonTemporarySost.2305
                0x00000000        0x1 my_lib/pt6964.o
 .bss.ButtonSost.2295
                0x00000000        0x1 my_lib/pt6964.o
 .bss.ButtonTemporarySost.2294
                0x00000000        0x1 my_lib/pt6964.o
 .text          0x00000000        0x0 my_lib/spi.o
 .data          0x00000000        0x0 my_lib/spi.o
 .bss           0x00000000        0x0 my_lib/spi.o
 .text.spi_init
                0x00000000       0x16 my_lib/spi.o
 .text.spi_write_byte
                0x00000000        0xe my_lib/spi.o
 .text.spi_write_array
                0x00000000       0x40 my_lib/spi.o
 .debug_info    0x00000000      0x18b my_lib/spi.o
 .debug_abbrev  0x00000000      0x139 my_lib/spi.o
 .debug_loc     0x00000000      0x10a my_lib/spi.o
 .debug_aranges
                0x00000000       0x30 my_lib/spi.o
 .debug_ranges  0x00000000       0x20 my_lib/spi.o
 .debug_line    0x00000000      0x1bd my_lib/spi.o
 .debug_str     0x00000000      0x1d3 my_lib/spi.o
 .comment       0x00000000       0x31 my_lib/spi.o
 .debug_frame   0x00000000       0x54 my_lib/spi.o
 .text          0x00000000        0x0 my_lib/timers.o
 .data          0x00000000        0x0 my_lib/timers.o
 .bss           0x00000000        0x0 my_lib/timers.o
 .text.get_hour_counter
                0x00000000        0x6 my_lib/timers.o
 .text.clear_hour_counter
                0x00000000        0xa my_lib/timers.o
 .text.clear_charge_hour_counter
                0x00000000        0xa my_lib/timers.o
 .text          0x00000000        0x0 my_lib/usart.o
 .data          0x00000000        0x0 my_lib/usart.o
 .bss           0x00000000        0x0 my_lib/usart.o
 .text.usart_config_for_protocol
                0x00000000       0x6c my_lib/usart.o
 .text.send_request_from_RA2
                0x00000000       0xe4 my_lib/usart.o
 .text.USART_StartTX
                0x00000000       0x16 my_lib/usart.o
 .bss.TxBuffer  0x00000000        0xa my_lib/usart.o
 .bss.ConsolAudoiChannel
                0x00000000        0x1 my_lib/usart.o
 .bss.ConsolControlSP
                0x00000000        0x1 my_lib/usart.o
 .bss.Priority  0x00000000        0x1 my_lib/usart.o
 .text          0x00000000        0x0 c:/program files (x86)/atmel/studio/7.0/toolchain/avr8/avr8-gnu-toolchain/bin/../lib/gcc/avr/5.4.0/avr5\libgcc.a(_udivmodhi4.o)
 .data          0x00000000        0x0 c:/program files (x86)/atmel/studio/7.0/toolchain/avr8/avr8-gnu-toolchain/bin/../lib/gcc/avr/5.4.0/avr5\libgcc.a(_udivmodhi4.o)
 .bss           0x00000000        0x0 c:/program files (x86)/atmel/studio/7.0/toolchain/avr8/avr8-gnu-toolchain/bin/../lib/gcc/avr/5.4.0/avr5\libgcc.a(_udivmodhi4.o)
 .text.libgcc.mul
                0x00000000        0x0 c:/program files (x86)/atmel/studio/7.0/toolchain/avr8/avr8-gnu-toolchain/bin/../lib/gcc/avr/5.4.0/avr5\libgcc.a(_udivmodhi4.o)
 .text.libgcc.div
                0x00000000       0x28 c:/program files (x86)/atmel/studio/7.0/toolchain/avr8/avr8-gnu-toolchain/bin/../lib/gcc/avr/5.4.0/avr5\libgcc.a(_udivmodhi4.o)
 .text.libgcc   0x00000000        0x0 c:/program files (x86)/atmel/studio/7.0/toolchain/avr8/avr8-gnu-toolchain/bin/../lib/gcc/avr/5.4.0/avr5\libgcc.a(_udivmodhi4.o)
 .text.libgcc.prologue
                0x00000000        0x0 c:/program files (x86)/atmel/studio/7.0/toolchain/avr8/avr8-gnu-toolchain/bin/../lib/gcc/avr/5.4.0/avr5\libgcc.a(_udivmodhi4.o)
 .text.libgcc.builtins
                0x00000000        0x0 c:/program files (x86)/atmel/studio/7.0/toolchain/avr8/avr8-gnu-toolchain/bin/../lib/gcc/avr/5.4.0/avr5\libgcc.a(_udivmodhi4.o)
 .text.libgcc.fmul
                0x00000000        0x0 c:/program files (x86)/atmel/studio/7.0/toolchain/avr8/avr8-gnu-toolchain/bin/../lib/gcc/avr/5.4.0/avr5\libgcc.a(_udivmodhi4.o)
 .text.libgcc.fixed
                0x00000000        0x0 c:/program files (x86)/atmel/studio/7.0/toolchain/avr8/avr8-gnu-toolchain/bin/../lib/gcc/avr/5.4.0/avr5\libgcc.a(_udivmodhi4.o)
 .text          0x00000000        0x0 c:/program files (x86)/atmel/studio/7.0/toolchain/avr8/avr8-gnu-toolchain/bin/../lib/gcc/avr/5.4.0/avr5\libgcc.a(_udivmodsi4.o)
 .data          0x00000000        0x0 c:/program files (x86)/atmel/studio/7.0/toolchain/avr8/avr8-gnu-toolchain/bin/../lib/gcc/avr/5.4.0/avr5\libgcc.a(_udivmodsi4.o)
 .bss           0x00000000        0x0 c:/program files (x86)/atmel/studio/7.0/toolchain/avr8/avr8-gnu-toolchain/bin/../lib/gcc/avr/5.4.0/avr5\libgcc.a(_udivmodsi4.o)
 .text.libgcc.mul
                0x00000000        0x0 c:/program files (x86)/atmel/studio/7.0/toolchain/avr8/avr8-gnu-toolchain/bin/../lib/gcc/avr/5.4.0/avr5\libgcc.a(_udivmodsi4.o)
 .text.libgcc.div
                0x00000000       0x44 c:/program files (x86)/atmel/studio/7.0/toolchain/avr8/avr8-gnu-toolchain/bin/../lib/gcc/avr/5.4.0/avr5\libgcc.a(_udivmodsi4.o)
 .text.libgcc   0x00000000        0x0 c:/program files (x86)/atmel/studio/7.0/toolchain/avr8/avr8-gnu-toolchain/bin/../lib/gcc/avr/5.4.0/avr5\libgcc.a(_udivmodsi4.o)
 .text.libgcc.prologue
                0x00000000        0x0 c:/program files (x86)/atmel/studio/7.0/toolchain/avr8/avr8-gnu-toolchain/bin/../lib/gcc/avr/5.4.0/avr5\libgcc.a(_udivmodsi4.o)
 .text.libgcc.builtins
                0x00000000        0x0 c:/program files (x86)/atmel/studio/7.0/toolchain/avr8/avr8-gnu-toolchain/bin/../lib/gcc/avr/5.4.0/avr5\libgcc.a(_udivmodsi4.o)
 .text.libgcc.fmul
                0x00000000        0x0 c:/program files (x86)/atmel/studio/7.0/toolchain/avr8/avr8-gnu-toolchain/bin/../lib/gcc/avr/5.4.0/avr5\libgcc.a(_udivmodsi4.o)
 .text.libgcc.fixed
                0x00000000        0x0 c:/program files (x86)/atmel/studio/7.0/toolchain/avr8/avr8-gnu-toolchain/bin/../lib/gcc/avr/5.4.0/avr5\libgcc.a(_udivmodsi4.o)
 .text          0x00000000        0x0 c:/program files (x86)/atmel/studio/7.0/toolchain/avr8/avr8-gnu-toolchain/bin/../lib/gcc/avr/5.4.0/avr5\libgcc.a(_exit.o)
 .data          0x00000000        0x0 c:/program files (x86)/atmel/studio/7.0/toolchain/avr8/avr8-gnu-toolchain/bin/../lib/gcc/avr/5.4.0/avr5\libgcc.a(_exit.o)
 .bss           0x00000000        0x0 c:/program files (x86)/atmel/studio/7.0/toolchain/avr8/avr8-gnu-toolchain/bin/../lib/gcc/avr/5.4.0/avr5\libgcc.a(_exit.o)
 .text.libgcc.mul
                0x00000000        0x0 c:/program files (x86)/atmel/studio/7.0/toolchain/avr8/avr8-gnu-toolchain/bin/../lib/gcc/avr/5.4.0/avr5\libgcc.a(_exit.o)
 .text.libgcc.div
                0x00000000        0x0 c:/program files (x86)/atmel/studio/7.0/toolchain/avr8/avr8-gnu-toolchain/bin/../lib/gcc/avr/5.4.0/avr5\libgcc.a(_exit.o)
 .text.libgcc   0x00000000        0x0 c:/program files (x86)/atmel/studio/7.0/toolchain/avr8/avr8-gnu-toolchain/bin/../lib/gcc/avr/5.4.0/avr5\libgcc.a(_exit.o)
 .text.libgcc.prologue
                0x00000000        0x0 c:/program files (x86)/atmel/studio/7.0/toolchain/avr8/avr8-gnu-toolchain/bin/../lib/gcc/avr/5.4.0/avr5\libgcc.a(_exit.o)
 .text.libgcc.builtins
                0x00000000        0x0 c:/program files (x86)/atmel/studio/7.0/toolchain/avr8/avr8-gnu-toolchain/bin/../lib/gcc/avr/5.4.0/avr5\libgcc.a(_exit.o)
 .text.libgcc.fmul
                0x00000000        0x0 c:/program files (x86)/atmel/studio/7.0/toolchain/avr8/avr8-gnu-toolchain/bin/../lib/gcc/avr/5.4.0/avr5\libgcc.a(_exit.o)
 .text.libgcc.fixed
                0x00000000        0x0 c:/program files (x86)/atmel/studio/7.0/toolchain/avr8/avr8-gnu-toolchain/bin/../lib/gcc/avr/5.4.0/avr5\libgcc.a(_exit.o)
 .text          0x00000000        0x0 c:/program files (x86)/atmel/studio/7.0/toolchain/avr8/avr8-gnu-toolchain/bin/../lib/gcc/avr/5.4.0/avr5\libgcc.a(_tablejump2.o)
 .data          0x00000000        0x0 c:/program files (x86)/atmel/studio/7.0/toolchain/avr8/avr8-gnu-toolchain/bin/../lib/gcc/avr/5.4.0/avr5\libgcc.a(_tablejump2.o)
 .bss           0x00000000        0x0 c:/program files (x86)/atmel/studio/7.0/toolchain/avr8/avr8-gnu-toolchain/bin/../lib/gcc/avr/5.4.0/avr5\libgcc.a(_tablejump2.o)
 .text.libgcc.mul
                0x00000000        0x0 c:/program files (x86)/atmel/studio/7.0/toolchain/avr8/avr8-gnu-toolchain/bin/../lib/gcc/avr/5.4.0/avr5\libgcc.a(_tablejump2.o)
 .text.libgcc.div
                0x00000000        0x0 c:/program files (x86)/atmel/studio/7.0/toolchain/avr8/avr8-gnu-toolchain/bin/../lib/gcc/avr/5.4.0/avr5\libgcc.a(_tablejump2.o)
 .text.libgcc   0x00000000        0xc c:/program files (x86)/atmel/studio/7.0/toolchain/avr8/avr8-gnu-toolchain/bin/../lib/gcc/avr/5.4.0/avr5\libgcc.a(_tablejump2.o)
 .text.libgcc.prologue
                0x00000000        0x0 c:/program files (x86)/atmel/studio/7.0/toolchain/avr8/avr8-gnu-toolchain/bin/../lib/gcc/avr/5.4.0/avr5\libgcc.a(_tablejump2.o)
 .text.libgcc.builtins
                0x00000000        0x0 c:/program files (x86)/atmel/studio/7.0/toolchain/avr8/avr8-gnu-toolchain/bin/../lib/gcc/avr/5.4.0/avr5\libgcc.a(_tablejump2.o)
 .text.libgcc.fmul
                0x00000000        0x0 c:/program files (x86)/atmel/studio/7.0/toolchain/avr8/avr8-gnu-toolchain/bin/../lib/gcc/avr/5.4.0/avr5\libgcc.a(_tablejump2.o)
 .text.libgcc.fixed
                0x00000000        0x0 c:/program files (x86)/atmel/studio/7.0/toolchain/avr8/avr8-gnu-toolchain/bin/../lib/gcc/avr/5.4.0/avr5\libgcc.a(_tablejump2.o)
 .text          0x00000000        0x0 c:/program files (x86)/atmel/studio/7.0/toolchain/avr8/avr8-gnu-toolchain/bin/../lib/gcc/avr/5.4.0/avr5\libgcc.a(_copy_data.o)
 .data          0x00000000        0x0 c:/program files (x86)/atmel/studio/7.0/toolchain/avr8/avr8-gnu-toolchain/bin/../lib/gcc/avr/5.4.0/avr5\libgcc.a(_copy_data.o)
 .bss           0x00000000        0x0 c:/program files (x86)/atmel/studio/7.0/toolchain/avr8/avr8-gnu-toolchain/bin/../lib/gcc/avr/5.4.0/avr5\libgcc.a(_copy_data.o)
 .text.libgcc.mul
                0x00000000        0x0 c:/program files (x86)/atmel/studio/7.0/toolchain/avr8/avr8-gnu-toolchain/bin/../lib/gcc/avr/5.4.0/avr5\libgcc.a(_copy_data.o)
 .text.libgcc.div
                0x00000000        0x0 c:/program files (x86)/atmel/studio/7.0/toolchain/avr8/avr8-gnu-toolchain/bin/../lib/gcc/avr/5.4.0/avr5\libgcc.a(_copy_data.o)
 .text.libgcc   0x00000000        0x0 c:/program files (x86)/atmel/studio/7.0/toolchain/avr8/avr8-gnu-toolchain/bin/../lib/gcc/avr/5.4.0/avr5\libgcc.a(_copy_data.o)
 .text.libgcc.prologue
                0x00000000        0x0 c:/program files (x86)/atmel/studio/7.0/toolchain/avr8/avr8-gnu-toolchain/bin/../lib/gcc/avr/5.4.0/avr5\libgcc.a(_copy_data.o)
 .text.libgcc.builtins
                0x00000000        0x0 c:/program files (x86)/atmel/studio/7.0/toolchain/avr8/avr8-gnu-toolchain/bin/../lib/gcc/avr/5.4.0/avr5\libgcc.a(_copy_data.o)
 .text.libgcc.fmul
                0x00000000        0x0 c:/program files (x86)/atmel/studio/7.0/toolchain/avr8/avr8-gnu-toolchain/bin/../lib/gcc/avr/5.4.0/avr5\libgcc.a(_copy_data.o)
 .text.libgcc.fixed
                0x00000000        0x0 c:/program files (x86)/atmel/studio/7.0/toolchain/avr8/avr8-gnu-toolchain/bin/../lib/gcc/avr/5.4.0/avr5\libgcc.a(_copy_data.o)
 .text          0x00000000        0x0 c:/program files (x86)/atmel/studio/7.0/toolchain/avr8/avr8-gnu-toolchain/bin/../lib/gcc/avr/5.4.0/avr5\libgcc.a(_clear_bss.o)
 .data          0x00000000        0x0 c:/program files (x86)/atmel/studio/7.0/toolchain/avr8/avr8-gnu-toolchain/bin/../lib/gcc/avr/5.4.0/avr5\libgcc.a(_clear_bss.o)
 .bss           0x00000000        0x0 c:/program files (x86)/atmel/studio/7.0/toolchain/avr8/avr8-gnu-toolchain/bin/../lib/gcc/avr/5.4.0/avr5\libgcc.a(_clear_bss.o)
 .text.libgcc.mul
                0x00000000        0x0 c:/program files (x86)/atmel/studio/7.0/toolchain/avr8/avr8-gnu-toolchain/bin/../lib/gcc/avr/5.4.0/avr5\libgcc.a(_clear_bss.o)
 .text.libgcc.div
                0x00000000        0x0 c:/program files (x86)/atmel/studio/7.0/toolchain/avr8/avr8-gnu-toolchain/bin/../lib/gcc/avr/5.4.0/avr5\libgcc.a(_clear_bss.o)
 .text.libgcc   0x00000000        0x0 c:/program files (x86)/atmel/studio/7.0/toolchain/avr8/avr8-gnu-toolchain/bin/../lib/gcc/avr/5.4.0/avr5\libgcc.a(_clear_bss.o)
 .text.libgcc.prologue
                0x00000000        0x0 c:/program files (x86)/atmel/studio/7.0/toolchain/avr8/avr8-gnu-toolchain/bin/../lib/gcc/avr/5.4.0/avr5\libgcc.a(_clear_bss.o)
 .text.libgcc.builtins
                0x00000000        0x0 c:/program files (x86)/atmel/studio/7.0/toolchain/avr8/avr8-gnu-toolchain/bin/../lib/gcc/avr/5.4.0/avr5\libgcc.a(_clear_bss.o)
 .text.libgcc.fmul
                0x00000000        0x0 c:/program files (x86)/atmel/studio/7.0/toolchain/avr8/avr8-gnu-toolchain/bin/../lib/gcc/avr/5.4.0/avr5\libgcc.a(_clear_bss.o)
 .text.libgcc.fixed
                0x00000000        0x0 c:/program files (x86)/atmel/studio/7.0/toolchain/avr8/avr8-gnu-toolchain/bin/../lib/gcc/avr/5.4.0/avr5\libgcc.a(_clear_bss.o)
 .text          0x00000000        0x0 c:/program files (x86)/atmel/studio/7.0/toolchain/avr8/avr8-gnu-toolchain/bin/../lib/gcc/avr/5.4.0/avr5\libgcc.a(_umulhisi3.o)
 .data          0x00000000        0x0 c:/program files (x86)/atmel/studio/7.0/toolchain/avr8/avr8-gnu-toolchain/bin/../lib/gcc/avr/5.4.0/avr5\libgcc.a(_umulhisi3.o)
 .bss           0x00000000        0x0 c:/program files (x86)/atmel/studio/7.0/toolchain/avr8/avr8-gnu-toolchain/bin/../lib/gcc/avr/5.4.0/avr5\libgcc.a(_umulhisi3.o)
 .text.libgcc.mul
                0x00000000       0x1e c:/program files (x86)/atmel/studio/7.0/toolchain/avr8/avr8-gnu-toolchain/bin/../lib/gcc/avr/5.4.0/avr5\libgcc.a(_umulhisi3.o)
 .text.libgcc.div
                0x00000000        0x0 c:/program files (x86)/atmel/studio/7.0/toolchain/avr8/avr8-gnu-toolchain/bin/../lib/gcc/avr/5.4.0/avr5\libgcc.a(_umulhisi3.o)
 .text.libgcc   0x00000000        0x0 c:/program files (x86)/atmel/studio/7.0/toolchain/avr8/avr8-gnu-toolchain/bin/../lib/gcc/avr/5.4.0/avr5\libgcc.a(_umulhisi3.o)
 .text.libgcc.prologue
                0x00000000        0x0 c:/program files (x86)/atmel/studio/7.0/toolchain/avr8/avr8-gnu-toolchain/bin/../lib/gcc/avr/5.4.0/avr5\libgcc.a(_umulhisi3.o)
 .text.libgcc.builtins
                0x00000000        0x0 c:/program files (x86)/atmel/studio/7.0/toolchain/avr8/avr8-gnu-toolchain/bin/../lib/gcc/avr/5.4.0/avr5\libgcc.a(_umulhisi3.o)
 .text.libgcc.fmul
                0x00000000        0x0 c:/program files (x86)/atmel/studio/7.0/toolchain/avr8/avr8-gnu-toolchain/bin/../lib/gcc/avr/5.4.0/avr5\libgcc.a(_umulhisi3.o)
 .text.libgcc.fixed
                0x00000000        0x0 c:/program files (x86)/atmel/studio/7.0/toolchain/avr8/avr8-gnu-toolchain/bin/../lib/gcc/avr/5.4.0/avr5\libgcc.a(_umulhisi3.o)
 .text          0x00000000        0x0 c:/program files (x86)/atmel/studio/7.0/toolchain/avr8/avr8-gnu-toolchain/bin/../lib/gcc/avr/5.4.0/avr5\libgcc.a(_muluhisi3.o)
 .data          0x00000000        0x0 c:/program files (x86)/atmel/studio/7.0/toolchain/avr8/avr8-gnu-toolchain/bin/../lib/gcc/avr/5.4.0/avr5\libgcc.a(_muluhisi3.o)
 .bss           0x00000000        0x0 c:/program files (x86)/atmel/studio/7.0/toolchain/avr8/avr8-gnu-toolchain/bin/../lib/gcc/avr/5.4.0/avr5\libgcc.a(_muluhisi3.o)
 .text.libgcc.mul
                0x00000000       0x16 c:/program files (x86)/atmel/studio/7.0/toolchain/avr8/avr8-gnu-toolchain/bin/../lib/gcc/avr/5.4.0/avr5\libgcc.a(_muluhisi3.o)
 .text.libgcc.div
                0x00000000        0x0 c:/program files (x86)/atmel/studio/7.0/toolchain/avr8/avr8-gnu-toolchain/bin/../lib/gcc/avr/5.4.0/avr5\libgcc.a(_muluhisi3.o)
 .text.libgcc   0x00000000        0x0 c:/program files (x86)/atmel/studio/7.0/toolchain/avr8/avr8-gnu-toolchain/bin/../lib/gcc/avr/5.4.0/avr5\libgcc.a(_muluhisi3.o)
 .text.libgcc.prologue
                0x00000000        0x0 c:/program files (x86)/atmel/studio/7.0/toolchain/avr8/avr8-gnu-toolchain/bin/../lib/gcc/avr/5.4.0/avr5\libgcc.a(_muluhisi3.o)
 .text.libgcc.builtins
                0x00000000        0x0 c:/program files (x86)/atmel/studio/7.0/toolchain/avr8/avr8-gnu-toolchain/bin/../lib/gcc/avr/5.4.0/avr5\libgcc.a(_muluhisi3.o)
 .text.libgcc.fmul
                0x00000000        0x0 c:/program files (x86)/atmel/studio/7.0/toolchain/avr8/avr8-gnu-toolchain/bin/../lib/gcc/avr/5.4.0/avr5\libgcc.a(_muluhisi3.o)
 .text.libgcc.fixed
                0x00000000        0x0 c:/program files (x86)/atmel/studio/7.0/toolchain/avr8/avr8-gnu-toolchain/bin/../lib/gcc/avr/5.4.0/avr5\libgcc.a(_muluhisi3.o)

Memory Configuration

Name             Origin             Length             Attributes
text             0x00000000         0x00008000         xr
data             0x00800060         0x00000800         rw !x
eeprom           0x00810000         0x00000400         rw !x
fuse             0x00820000         0x00000002         rw !x
lock             0x00830000         0x00000400         rw !x
signature        0x00840000         0x00000400         rw !x
user_signatures  0x00850000         0x00000400         rw !x
*default*        0x00000000         0xffffffff

Linker script and memory map

LOAD C:/Program Files (x86)/Atmel/Studio/7.0/Packs/atmel/ATmega_DFP/1.6.364/gcc/dev/atmega32a/avr5/crtatmega32a.o
LOAD main.o
LOAD my_lib/adc.o
LOAD my_lib/charge.o
LOAD my_lib/i2c.o
LOAD my_lib/Lcd_i2c_1602.o
LOAD my_lib/line_chacker.o
LOAD my_lib/eep.o
LOAD my_lib/relay.o
LOAD my_lib/hef4052.o
LOAD my_lib/pt6964.o
LOAD my_lib/spi.o
LOAD my_lib/timers.o
LOAD my_lib/usart.o
START GROUP
LOAD c:/program files (x86)/atmel/studio/7.0/toolchain/avr8/avr8-gnu-toolchain/bin/../lib/gcc/avr/5.4.0/../../../../avr/lib/avr5\libm.a
END GROUP
START GROUP
LOAD c:/program files (x86)/atmel/studio/7.0/toolchain/avr8/avr8-gnu-toolchain/bin/../lib/gcc/avr/5.4.0/avr5\libgcc.a
LOAD c:/program files (x86)/atmel/studio/7.0/toolchain/avr8/avr8-gnu-toolchain/bin/../lib/gcc/avr/5.4.0/../../../../avr/lib/avr5\libm.a
LOAD c:/program files (x86)/atmel/studio/7.0/toolchain/avr8/avr8-gnu-toolchain/bin/../lib/gcc/avr/5.4.0/../../../../avr/lib/avr5\libc.a
LOAD C:/Program Files (x86)/Atmel/Studio/7.0/Packs/atmel/ATmega_DFP/1.6.364/gcc/dev/atmega32a/avr5\libatmega32a.a
END GROUP
                [0x00000000]                __TEXT_REGION_ORIGIN__ = DEFINED (__TEXT_REGION_ORIGIN__)?__TEXT_REGION_ORIGIN__:0x0
                [0x00800060]                __DATA_REGION_ORIGIN__ = DEFINED (__DATA_REGION_ORIGIN__)?__DATA_REGION_ORIGIN__:0x800060
                [0x00008000]                __TEXT_REGION_LENGTH__ = DEFINED (__TEXT_REGION_LENGTH__)?__TEXT_REGION_LENGTH__:0x20000
                [0x00000800]                __DATA_REGION_LENGTH__ = DEFINED (__DATA_REGION_LENGTH__)?__DATA_REGION_LENGTH__:0xffa0
                [0x00000400]                __EEPROM_REGION_LENGTH__ = DEFINED (__EEPROM_REGION_LENGTH__)?__EEPROM_REGION_LENGTH__:0x10000
                [0x00000002]                __FUSE_REGION_LENGTH__ = DEFINED (__FUSE_REGION_LENGTH__)?__FUSE_REGION_LENGTH__:0x400
                0x00000400                __LOCK_REGION_LENGTH__ = DEFINED (__LOCK_REGION_LENGTH__)?__LOCK_REGION_LENGTH__:0x400
                0x00000400                __SIGNATURE_REGION_LENGTH__ = DEFINED (__SIGNATURE_REGION_LENGTH__)?__SIGNATURE_REGION_LENGTH__:0x400
                0x00000400                __USER_SIGNATURE_REGION_LENGTH__ = DEFINED (__USER_SIGNATURE_REGION_LENGTH__)?__USER_SIGNATURE_REGION_LENGTH__:0x400

.hash
 *(.hash)

.dynsym
 *(.dynsym)

.dynstr
 *(.dynstr)

.gnu.version
 *(.gnu.version)

.gnu.version_d
 *(.gnu.version_d)

.gnu.version_r
 *(.gnu.version_r)

.rel.init
 *(.rel.init)

.rela.init
 *(.rela.init)

.rel.text
 *(.rel.text)
 *(.rel.text.*)
 *(.rel.gnu.linkonce.t*)

.rela.text
 *(.rela.text)
 *(.rela.text.*)
 *(.rela.gnu.linkonce.t*)

.rel.fini
 *(.rel.fini)

.rela.fini
 *(.rela.fini)

.rel.rodata
 *(.rel.rodata)
 *(.rel.rodata.*)
 *(.rel.gnu.linkonce.r*)

.rela.rodata
 *(.rela.rodata)
 *(.rela.rodata.*)
 *(.rela.gnu.linkonce.r*)

.rel.data
 *(.rel.data)
 *(.rel.data.*)
 *(.rel.gnu.linkonce.d*)

.rela.data
 *(.rela.data)
 *(.rela.data.*)
 *(.rela.gnu.linkonce.d*)

.rel.ctors
 *(.rel.ctors)

.rela.ctors
 *(.rela.ctors)

.rel.dtors
 *(.rel.dtors)

.rela.dtors
 *(.rela.dtors)

.rel.got
 *(.rel.got)

.rela.got
 *(.rela.got)

.rel.bss
 *(.rel.bss)

.rela.bss
 *(.rela.bss)

.rel.plt
 *(.rel.plt)

.rela.plt
 *(.rela.plt)

.text           0x00000000     0x1022
 *(.vectors)
 .vectors       0x00000000       0x54 C:/Program Files (x86)/Atmel/Studio/7.0/Packs/atmel/ATmega_DFP/1.6.364/gcc/dev/atmega32a/avr5/crtatmega32a.o
                0x00000000                __vector_default
                0x00000000                __vectors
 *(.vectors)
 *(.progmem.gcc*)
                0x00000054                . = ALIGN (0x2)
                0x00000054                __trampolines_start = .
 *(.trampolines)
 .trampolines   0x00000054        0x0 linker stubs
 *(.trampolines*)
                0x00000054                __trampolines_end = .
 *libprintf_flt.a:*(.progmem.data)
 *libc.a:*(.progmem.data)
 *(.progmem*)
 .progmem.data.sumbolTable
                0x00000054       0x12 my_lib/pt6964.o
                0x00000054                sumbolTable
                0x00000066                . = ALIGN (0x2)
 *(.jumptables)
 *(.jumptables*)
 *(.lowtext)
 *(.lowtext*)
                0x00000066                __ctors_start = .
 *(.ctors)
                0x00000066                __ctors_end = .
                0x00000066                __dtors_start = .
 *(.dtors)
                0x00000066                __dtors_end = .
 SORT(*)(.ctors)
 SORT(*)(.dtors)
 *(.init0)
 .init0         0x00000066        0x0 C:/Program Files (x86)/Atmel/Studio/7.0/Packs/atmel/ATmega_DFP/1.6.364/gcc/dev/atmega32a/avr5/crtatmega32a.o
                0x00000066                __init
 *(.init0)
 *(.init1)
 *(.init1)
 *(.init2)
 .init2         0x00000066        0xc C:/Program Files (x86)/Atmel/Studio/7.0/Packs/atmel/ATmega_DFP/1.6.364/gcc/dev/atmega32a/avr5/crtatmega32a.o
 *(.init2)
 *(.init3)
 *(.init3)
 *(.init4)
 .init4         0x00000072       0x16 c:/program files (x86)/atmel/studio/7.0/toolchain/avr8/avr8-gnu-toolchain/bin/../lib/gcc/avr/5.4.0/avr5\libgcc.a(_copy_data.o)
                0x00000072                __do_copy_data
 .init4         0x00000088       0x10 c:/program files (x86)/atmel/studio/7.0/toolchain/avr8/avr8-gnu-toolchain/bin/../lib/gcc/avr/5.4.0/avr5\libgcc.a(_clear_bss.o)
                0x00000088                __do_clear_bss
 *(.init4)
 *(.init5)
 *(.init5)
 *(.init6)
 *(.init6)
 *(.init7)
 *(.init7)
 *(.init8)
 *(.init8)
 *(.init9)
 .init9         0x00000098        0x8 C:/Program Files (x86)/Atmel/Studio/7.0/Packs/atmel/ATmega_DFP/1.6.364/gcc/dev/atmega32a/avr5/crtatmega32a.o
 *(.init9)
 *(.text)
 .text          0x000000a0        0x4 C:/Program Files (x86)/Atmel/Studio/7.0/Packs/atmel/ATmega_DFP/1.6.364/gcc/dev/atmega32a/avr5/crtatmega32a.o
                0x000000a0                __vector_12
                0x000000a0                __bad_interrupt
                0x000000a0                __vector_6
                0x000000a0                __vector_3
                0x000000a0                __vector_17
                0x000000a0                __vector_7
                0x000000a0                __vector_5
                0x000000a0                __vector_4
                0x000000a0                __vector_2
                0x000000a0                __vector_8
                0x000000a0                __vector_14
                0x000000a0                __vector_10
                0x000000a0                __vector_18
                0x000000a0                __vector_20
                0x000000a4                . = ALIGN (0x2)
 *(.text.*)
 .text.asm_TogglePin
                0x000000a4       0x16 main.o
                0x000000a4                asm_TogglePin
 .text.startup.main
                0x000000ba       0x48 main.o
                0x000000ba                main
 .text.__vector_1
                0x00000102       0x1c main.o
                0x00000102                __vector_1
 .text.__vector_16
                0x0000011e       0x6a my_lib/adc.o
                0x0000011e                __vector_16
 .text.get_charge_indication
                0x00000188       0x1c my_lib/charge.o
                0x00000188                get_charge_indication
 .text.DoNothing
                0x000001a4        0x2 my_lib/i2c.o
                0x000001a4                DoNothing
 .text.I2C_Init
                0x000001a6       0x14 my_lib/i2c.o
                0x000001a6                I2C_Init
 .text.__vector_19
                0x000001ba      0x346 my_lib/i2c.o
                0x000001ba                __vector_19
 .text.I2C_StartWrite
                0x00000500       0x3c my_lib/i2c.o
                0x00000500                I2C_StartWrite
 .text.lcd_send_tetrad
                0x0000053c       0x24 my_lib/Lcd_i2c_1602.o
 .text.lcd_send
                0x00000560       0x1c my_lib/Lcd_i2c_1602.o
 .text.lcd_clear
                0x0000057c       0x10 my_lib/Lcd_i2c_1602.o
                0x0000057c                lcd_clear
 .text.lcd_init
                0x0000058c       0x54 my_lib/Lcd_i2c_1602.o
                0x0000058c                lcd_init
 .text.get_blocked_speaker_line
                0x000005e0        0x8 my_lib/line_chacker.o
                0x000005e0                get_blocked_speaker_line
 .text.resistence_all_line_indicate
                0x000005e8       0xa6 my_lib/line_chacker.o
                0x000005e8                resistence_all_line_indicate
 .text.get_relay_state
                0x0000068e       0x18 my_lib/relay.o
                0x0000068e                get_relay_state
 .text.write_byte_to_pt6964
                0x000006a6       0x2e my_lib/pt6964.o
 .text.write_command_to_pt6964
                0x000006d4        0xc my_lib/pt6964.o
 .text.sorting_button_bit.constprop.1
                0x000006e0       0x62 my_lib/pt6964.o
 .text.write_data_to_face_penel
                0x00000742       0x52 my_lib/pt6964.o
                0x00000742                write_data_to_face_penel
 .text.display_set
                0x00000794       0x64 my_lib/pt6964.o
                0x00000794                display_set
 .text.display_off
                0x000007f8       0x12 my_lib/pt6964.o
                0x000007f8                display_off
 .text.set_line_checker_led_green
                0x0000080a       0x96 my_lib/pt6964.o
                0x0000080a                set_line_checker_led_green
 .text.set_line_checker_led_red
                0x000008a0       0x96 my_lib/pt6964.o
                0x000008a0                set_line_checker_led_red
 .text.read_button_from_face_penel
                0x00000936      0x10c my_lib/pt6964.o
                0x00000936                read_button_from_face_penel
 .text.get_button
                0x00000a42       0x22 my_lib/pt6964.o
                0x00000a42                get_button
 .text.toggle_button
                0x00000a64       0x6c my_lib/pt6964.o
                0x00000a64                toggle_button
 .text.Timers_Init
                0x00000ad0       0x26 my_lib/timers.o
                0x00000ad0                Timers_Init
 .text.msDelay  0x00000af6       0x3e my_lib/timers.o
                0x00000af6                msDelay
 .text.__vector_9
                0x00000b34      0x2de my_lib/timers.o
                0x00000b34                __vector_9
 .text.__vector_11
                0x00000e12       0x66 my_lib/timers.o
                0x00000e12                __vector_11
 .text.crc8_calculation
                0x00000e78       0x28 my_lib/usart.o
 .text.USART_Init
                0x00000ea0       0x1e my_lib/usart.o
                0x00000ea0                USART_Init
 .text.__vector_13
                0x00000ebe      0x112 my_lib/usart.o
                0x00000ebe                __vector_13
 .text.__vector_15
                0x00000fd0       0x4e my_lib/usart.o
                0x00000fd0                __vector_15
                0x0000101e                . = ALIGN (0x2)
 *(.fini9)
 .fini9         0x0000101e        0x0 c:/program files (x86)/atmel/studio/7.0/toolchain/avr8/avr8-gnu-toolchain/bin/../lib/gcc/avr/5.4.0/avr5\libgcc.a(_exit.o)
                0x0000101e                _exit
                0x0000101e                exit
 *(.fini9)
 *(.fini8)
 *(.fini8)
 *(.fini7)
 *(.fini7)
 *(.fini6)
 *(.fini6)
 *(.fini5)
 *(.fini5)
 *(.fini4)
 *(.fini4)
 *(.fini3)
 *(.fini3)
 *(.fini2)
 *(.fini2)
 *(.fini1)
 *(.fini1)
 *(.fini0)
 .fini0         0x0000101e        0x4 c:/program files (x86)/atmel/studio/7.0/toolchain/avr8/avr8-gnu-toolchain/bin/../lib/gcc/avr/5.4.0/avr5\libgcc.a(_exit.o)
 *(.fini0)
                0x00001022                _etext = .

.data           0x00800060        0xa load address 0x00001022
                0x00800060                PROVIDE (__data_start, .)
 *(.data)
 *(.data*)
 .data.ErrorOutFunc
                0x00800060        0x2 my_lib/i2c.o
                0x00800060                ErrorOutFunc
 .data.SlaveOutFunc
                0x00800062        0x2 my_lib/i2c.o
                0x00800062                SlaveOutFunc
 .data.MasterOutFunc
                0x00800064        0x2 my_lib/i2c.o
                0x00800064                MasterOutFunc
 .data.TempDisplayBright
                0x00800066        0x1 my_lib/pt6964.o
                0x00800066                TempDisplayBright
 .data.DisplayBright
                0x00800067        0x1 my_lib/pt6964.o
                0x00800067                DisplayBright
 .data.Timer1EMSelectZone
                0x00800068        0x1 my_lib/timers.o
                0x00800068                Timer1EMSelectZone
 *(.gnu.linkonce.d*)
 *(.rodata)
 *(.rodata*)
 *(.gnu.linkonce.r*)
                0x0080006a                . = ALIGN (0x2)
 *fill*         0x00800069        0x1 
                0x0080006a                _edata = .
                0x0080006a                PROVIDE (__data_end, .)

.bss            0x0080006a       0xe7
                0x0080006a                PROVIDE (__bss_start, .)
 *(.bss)
 *(.bss*)
 .bss.sleepReg  0x0080006a        0x1 main.o
                0x0080006a                sleepReg
 .bss.AdcResult
                0x0080006b        0x2 my_lib/adc.o
 .bss.AdcMeasureCounters
                0x0080006d        0x1 my_lib/adc.o
 .bss.ChargeIndicate
                0x0080006e        0x1 my_lib/charge.o
 .bss.txBuf.2214
                0x0080006f        0x3 my_lib/Lcd_i2c_1602.o
 .bss.LineChackerFlagReg
                0x00800072        0x1 my_lib/line_chacker.o
 .bss.LineCheckerRelaySost
                0x00800073        0x1 my_lib/relay.o
 .bss.SpeakerRelaySost
                0x00800074        0x1 my_lib/relay.o
 .bss.SostBut.2263
                0x00800075        0xf my_lib/pt6964.o
 .bss.cycle.2262
                0x00800084        0x1 my_lib/pt6964.o
 .bss.Timer1FastBlinkReg
                0x00800085        0x1 my_lib/timers.o
                0x00800085                Timer1FastBlinkReg
 .bss.Timer1BlinkReg
                0x00800086        0x1 my_lib/timers.o
                0x00800086                Timer1BlinkReg
 .bss.Timer0FlagReg2
                0x00800087        0x1 my_lib/timers.o
                0x00800087                Timer0FlagReg2
 .bss.Timer0FlagReg
                0x00800088        0x1 my_lib/timers.o
                0x00800088                Timer0FlagReg
 .bss.RxBuffer1
                0x00800089       0x50 my_lib/usart.o
 .bss.AdressPointer
                0x008000d9        0x1 my_lib/usart.o
 .bss.ConsolAddress
                0x008000da        0x1 my_lib/usart.o
 .bss.RequestCount
                0x008000db        0x1 my_lib/usart.o
 .bss.CycleCount
                0x008000dc        0x2 my_lib/usart.o
 *(COMMON)
 COMMON         0x008000de       0x12 my_lib/i2c.o
                0x008000de                i2c_Index
                0x008000df                i2c_SlaveAddress
                0x008000e0                i2c_OutBuff
                0x008000e3                i2c_PageAddrCount
                0x008000e4                i2c_PageAddress
                0x008000e6                i2c_PageAddrIndex
                0x008000e7                i2c_SlaveRegAddr
                0x008000e8                i2c_BufPtr
                0x008000ea                i2c_ByteCount
                0x008000eb                i2c_SlaveIndex
                0x008000ec                i2c_InBuff
                0x008000ef                i2c_Do
 COMMON         0x008000f0       0x28 my_lib/line_chacker.o
                0x008000f0                StateLineStr
                0x008000f8                ReferenceMeasureResisStr
                0x00800108                CoefficientStr
 COMMON         0x00800118       0x16 my_lib/pt6964.o
                0x00800118                ButtonFacePanelStr
                0x0080011d                ButtonSostStr
                0x00800123                IndicatorsFacePanelStr
 COMMON         0x0080012e       0x10 my_lib/timers.o
                0x0080012e                Timer0CountersStr
 COMMON         0x0080013e       0x13 my_lib/usart.o
                0x0080013e                RA_ConfigStr
                0x00800146                UsartWorkReg
                0x0080014a                WorkRegStr
                0x00800151                PROVIDE (__bss_end, .)
                0x00001022                __data_load_start = LOADADDR (.data)
                0x0000102c                __data_load_end = (__data_load_start + SIZEOF (.data))

.noinit         0x00800151        0x0
                [!provide]                PROVIDE (__noinit_start, .)
 *(.noinit*)
                [!provide]                PROVIDE (__noinit_end, .)
                0x00800151                _end = .
                [!provide]                PROVIDE (__heap_start, .)

.eeprom         0x00810000        0x0
 *(.eeprom*)
                0x00810000                __eeprom_end = .

.fuse
 *(.fuse)
 *(.lfuse)
 *(.hfuse)
 *(.efuse)

.lock
 *(.lock*)

.signature
 *(.signature*)

.user_signatures
 *(.user_signatures*)

.stab
 *(.stab)

.stabstr
 *(.stabstr)

.stab.excl
 *(.stab.excl)

.stab.exclstr
 *(.stab.exclstr)

.stab.index
 *(.stab.index)

.stab.indexstr
 *(.stab.indexstr)

.comment        0x00000000       0x30
 *(.comment)
 .comment       0x00000000       0x30 main.o
                                 0x31 (size before relaxing)
 .comment       0x00000030       0x31 my_lib/adc.o
 .comment       0x00000030       0x31 my_lib/charge.o
 .comment       0x00000030       0x31 my_lib/i2c.o
 .comment       0x00000030       0x31 my_lib/Lcd_i2c_1602.o
 .comment       0x00000030       0x31 my_lib/line_chacker.o
 .comment       0x00000030       0x31 my_lib/relay.o
 .comment       0x00000030       0x31 my_lib/pt6964.o
 .comment       0x00000030       0x31 my_lib/timers.o
 .comment       0x00000030       0x31 my_lib/usart.o

.note.gnu.avr.deviceinfo
                0x00000000       0x3c
 .note.gnu.avr.deviceinfo
                0x00000000       0x3c C:/Program Files (x86)/Atmel/Studio/7.0/Packs/atmel/ATmega_DFP/1.6.364/gcc/dev/atmega32a/avr5/crtatmega32a.o

.note.gnu.build-id
 *(.note.gnu.build-id)

.debug
 *(.debug)

.line
 *(.line)

.debug_srcinfo
 *(.debug_srcinfo)

.debug_sfnames
 *(.debug_sfnames)

.debug_aranges  0x00000000      0x390
 *(.debug_aranges)
 .debug_aranges
                0x00000000       0x30 main.o
 .debug_aranges
                0x00000030       0x30 my_lib/adc.o
 .debug_aranges
                0x00000060       0x40 my_lib/charge.o
 .debug_aranges
                0x000000a0       0x58 my_lib/i2c.o
 .debug_aranges
                0x000000f8       0x68 my_lib/Lcd_i2c_1602.o
 .debug_aranges
                0x00000160       0x88 my_lib/line_chacker.o
 .debug_aranges
                0x000001e8       0x58 my_lib/relay.o
 .debug_aranges
                0x00000240       0xb0 my_lib/pt6964.o
 .debug_aranges
                0x000002f0       0x50 my_lib/timers.o
 .debug_aranges
                0x00000340       0x50 my_lib/usart.o

.debug_pubnames
 *(.debug_pubnames)

.debug_info     0x00000000     0x477b
 *(.debug_info .gnu.linkonce.wi.*)
 .debug_info    0x00000000      0x4e6 C:/Program Files (x86)/Atmel/Studio/7.0/Packs/atmel/ATmega_DFP/1.6.364/gcc/dev/atmega32a/avr5/crtatmega32a.o
 .debug_info    0x000004e6      0x1c8 main.o
 .debug_info    0x000006ae       0xfe my_lib/adc.o
 .debug_info    0x000007ac      0x67b my_lib/charge.o
 .debug_info    0x00000e27      0x32c my_lib/i2c.o
 .debug_info    0x00001153      0x4b8 my_lib/Lcd_i2c_1602.o
 .debug_info    0x0000160b      0x9cd my_lib/line_chacker.o
 .debug_info    0x00001fd8      0x3a3 my_lib/relay.o
 .debug_info    0x0000237b      0xf95 my_lib/pt6964.o
 .debug_info    0x00003310      0xa9f my_lib/timers.o
 .debug_info    0x00003daf      0x9cc my_lib/usart.o

.debug_abbrev   0x00000000     0x17bc
 *(.debug_abbrev)
 .debug_abbrev  0x00000000      0x4a3 C:/Program Files (x86)/Atmel/Studio/7.0/Packs/atmel/ATmega_DFP/1.6.364/gcc/dev/atmega32a/avr5/crtatmega32a.o
 .debug_abbrev  0x000004a3      0x125 main.o
 .debug_abbrev  0x000005c8       0xaa my_lib/adc.o
 .debug_abbrev  0x00000672      0x1d2 my_lib/charge.o
 .debug_abbrev  0x00000844      0x13e my_lib/i2c.o
 .debug_abbrev  0x00000982      0x155 my_lib/Lcd_i2c_1602.o
 .debug_abbrev  0x00000ad7      0x2f3 my_lib/line_chacker.o
 .debug_abbrev  0x00000dca      0x190 my_lib/relay.o
 .debug_abbrev  0x00000f5a      0x3ee my_lib/pt6964.o
 .debug_abbrev  0x00001348      0x1c1 my_lib/timers.o
 .debug_abbrev  0x00001509      0x2b3 my_lib/usart.o

.debug_line     0x00000000     0x24a4
 *(.debug_line .debug_line.* .debug_line_end)
 .debug_line    0x00000000      0x116 C:/Program Files (x86)/Atmel/Studio/7.0/Packs/atmel/ATmega_DFP/1.6.364/gcc/dev/atmega32a/avr5/crtatmega32a.o
 .debug_line    0x00000116      0x202 main.o
 .debug_line    0x00000318      0x123 my_lib/adc.o
 .debug_line    0x0000043b      0x1fd my_lib/charge.o
 .debug_line    0x00000638      0x381 my_lib/i2c.o
 .debug_line    0x000009b9      0x24a my_lib/Lcd_i2c_1602.o
 .debug_line    0x00000c03      0x520 my_lib/line_chacker.o
 .debug_line    0x00001123      0x350 my_lib/relay.o
 .debug_line    0x00001473      0x88c my_lib/pt6964.o
 .debug_line    0x00001cff      0x3d4 my_lib/timers.o
 .debug_line    0x000020d3      0x3d1 my_lib/usart.o

.debug_frame    0x00000000      0x8ac
 *(.debug_frame)
 .debug_frame   0x00000000       0x50 main.o
 .debug_frame   0x00000050       0x64 my_lib/adc.o
 .debug_frame   0x000000b4       0x74 my_lib/charge.o
 .debug_frame   0x00000128       0xdc my_lib/i2c.o
 .debug_frame   0x00000204       0xf0 my_lib/Lcd_i2c_1602.o
 .debug_frame   0x000002f4      0x198 my_lib/line_chacker.o
 .debug_frame   0x0000048c       0x9c my_lib/relay.o
 .debug_frame   0x00000528      0x190 my_lib/pt6964.o
 .debug_frame   0x000006b8       0xf0 my_lib/timers.o
 .debug_frame   0x000007a8      0x104 my_lib/usart.o

.debug_str      0x00000000     0x17b1
 *(.debug_str)
 .debug_str     0x00000000      0x196 C:/Program Files (x86)/Atmel/Studio/7.0/Packs/atmel/ATmega_DFP/1.6.364/gcc/dev/atmega32a/avr5/crtatmega32a.o
 .debug_str     0x00000196      0x1b8 main.o
                                0x1f4 (size before relaxing)
 .debug_str     0x0000034e       0x62 my_lib/adc.o
                                0x19e (size before relaxing)
 .debug_str     0x000003b0      0x473 my_lib/charge.o
                                0x5e7 (size before relaxing)
 .debug_str     0x00000823      0x15a my_lib/i2c.o
                                0x2b3 (size before relaxing)
 .debug_str     0x0000097d       0xa6 my_lib/Lcd_i2c_1602.o
                                0x228 (size before relaxing)
 .debug_str     0x00000a23      0x51c my_lib/line_chacker.o
                                0x6d7 (size before relaxing)
 .debug_str     0x00000f3f      0x11d my_lib/relay.o
                                0x2b6 (size before relaxing)
 .debug_str     0x0000105c      0x32b my_lib/pt6964.o
                                0x990 (size before relaxing)
 .debug_str     0x00001387      0x1ee my_lib/timers.o
                                0x912 (size before relaxing)
 .debug_str     0x00001575      0x23c my_lib/usart.o
                                0x7af (size before relaxing)

.debug_loc      0x00000000     0x2127
 *(.debug_loc)
 .debug_loc     0x00000000       0x77 main.o
 .debug_loc     0x00000077       0x9e my_lib/adc.o
 .debug_loc     0x00000115      0x104 my_lib/charge.o
 .debug_loc     0x00000219      0x192 my_lib/i2c.o
 .debug_loc     0x000003ab      0x375 my_lib/Lcd_i2c_1602.o
 .debug_loc     0x00000720      0xa43 my_lib/line_chacker.o
 .debug_loc     0x00001163      0x331 my_lib/relay.o
 .debug_loc     0x00001494      0x7aa my_lib/pt6964.o
 .debug_loc     0x00001c3e      0x18e my_lib/timers.o
 .debug_loc     0x00001dcc      0x35b my_lib/usart.o

.debug_macinfo
 *(.debug_macinfo)

.debug_weaknames
 *(.debug_weaknames)

.debug_funcnames
 *(.debug_funcnames)

.debug_typenames
 *(.debug_typenames)

.debug_varnames
 *(.debug_varnames)

.debug_pubtypes
 *(.debug_pubtypes)

.debug_ranges   0x00000000      0x338
 *(.debug_ranges)
 .debug_ranges  0x00000000       0x20 main.o
 .debug_ranges  0x00000020       0x20 my_lib/adc.o
 .debug_ranges  0x00000040       0x30 my_lib/charge.o
 .debug_ranges  0x00000070       0x48 my_lib/i2c.o
 .debug_ranges  0x000000b8       0x58 my_lib/Lcd_i2c_1602.o
 .debug_ranges  0x00000110       0x78 my_lib/line_chacker.o
 .debug_ranges  0x00000188       0x48 my_lib/relay.o
 .debug_ranges  0x000001d0       0xd0 my_lib/pt6964.o
 .debug_ranges  0x000002a0       0x40 my_lib/timers.o
 .debug_ranges  0x000002e0       0x58 my_lib/usart.o

.debug_macro
 *(.debug_macro)
OUTPUT(My_MCU.elf elf32-avr)
LOAD linker stubs
