Archive member included to satisfy reference by file (symbol)

c:/program files (x86)/atmel/studio/7.0/toolchain/avr8/avr8-gnu-toolchain/bin/../lib/gcc/avr/5.4.0/avr5\libgcc.a(_udivmodsi4.o)
                              my_lib/line_chacker.o (__udivmodsi4)
c:/program files (x86)/atmel/studio/7.0/toolchain/avr8/avr8-gnu-toolchain/bin/../lib/gcc/avr/5.4.0/avr5\libgcc.a(_exit.o)
                              C:/Program Files (x86)/Atmel/Studio/7.0/Packs/atmel/ATmega_DFP/1.6.364/gcc/dev/atmega32a/avr5/crtatmega32a.o (exit)
c:/program files (x86)/atmel/studio/7.0/toolchain/avr8/avr8-gnu-toolchain/bin/../lib/gcc/avr/5.4.0/avr5\libgcc.a(_tablejump2.o)
                              my_lib/relay.o (__tablejump2__)
c:/program files (x86)/atmel/studio/7.0/toolchain/avr8/avr8-gnu-toolchain/bin/../lib/gcc/avr/5.4.0/avr5\libgcc.a(_copy_data.o)
                              my_lib/i2c.o (__do_copy_data)
c:/program files (x86)/atmel/studio/7.0/toolchain/avr8/avr8-gnu-toolchain/bin/../lib/gcc/avr/5.4.0/avr5\libgcc.a(_clear_bss.o)
                              my_lib/adc.o (__do_clear_bss)
c:/program files (x86)/atmel/studio/7.0/toolchain/avr8/avr8-gnu-toolchain/bin/../lib/gcc/avr/5.4.0/avr5\libgcc.a(_umulhisi3.o)
                              my_lib/line_chacker.o (__umulhisi3)
c:/program files (x86)/atmel/studio/7.0/toolchain/avr8/avr8-gnu-toolchain/bin/../lib/gcc/avr/5.4.0/avr5\libgcc.a(_muluhisi3.o)
                              my_lib/line_chacker.o (__muluhisi3)

Allocating common symbols
Common symbol       size              file

RA_ConfigStr        0x8               my_lib/usart.o
UsartWorkReg        0x4               my_lib/usart.o
ButtonFacePanelStr  0x5               my_lib/pt6964.o
StateLineStr        0x8               my_lib/line_chacker.o
i2c_index           0x1               my_lib/i2c.o
WorkRegStr          0x7               my_lib/usart.o
i2c_Buffer          0x3               my_lib/i2c.o
ReferenceMeasureResisStr
                    0x10              my_lib/line_chacker.o
Timer0CountersStr   0x10              my_lib/timers.o
CoefficientStr      0x10              my_lib/line_chacker.o
i2c_SlaveAddress    0x1               my_lib/i2c.o
i2c_OutBuff         0x1               my_lib/i2c.o
i2c_PageAddrCount   0x1               my_lib/i2c.o
i2c_PageAddress     0x2               my_lib/i2c.o
i2c_PageAddrIndex   0x1               my_lib/i2c.o
ButtonSostStr       0x6               my_lib/pt6964.o
i2c_ByteCount       0x1               my_lib/i2c.o
IndicatorsFacePanelStr
                    0xb               my_lib/pt6964.o
i2c_SlaveIndex      0x1               my_lib/i2c.o
i2c_InBuff          0x1               my_lib/i2c.o
i2c_Do              0x1               my_lib/i2c.o

Discarded input sections

 .data          0x00000000        0x0 C:/Program Files (x86)/Atmel/Studio/7.0/Packs/atmel/ATmega_DFP/1.6.364/gcc/dev/atmega32a/avr5/crtatmega32a.o
 .bss           0x00000000        0x0 C:/Program Files (x86)/Atmel/Studio/7.0/Packs/atmel/ATmega_DFP/1.6.364/gcc/dev/atmega32a/avr5/crtatmega32a.o
 .text          0x00000000        0x0 main.o
 .data          0x00000000        0x0 main.o
 .bss           0x00000000        0x0 main.o
 .text          0x00000000        0x0 my_lib/adc.o
 .data          0x00000000        0x0 my_lib/adc.o
 .bss           0x00000000        0x0 my_lib/adc.o
 .text.adc_init
                0x00000000        0x8 my_lib/adc.o
 .text.get_adc_measure
                0x00000000       0x28 my_lib/adc.o
 .text          0x00000000        0x0 my_lib/charge.o
 .data          0x00000000        0x0 my_lib/charge.o
 .bss           0x00000000        0x0 my_lib/charge.o
 .text.charge_init
                0x00000000        0xa my_lib/charge.o
 .text.set_charge_indication
                0x00000000        0x6 my_lib/charge.o
 .text.clear_charge_indication
                0x00000000       0x14 my_lib/charge.o
 .text.charge_monitoring_on
                0x00000000       0xd6 my_lib/charge.o
 .bss.measure.2199
                0x00000000        0x2 my_lib/charge.o
 .text          0x00000000        0x0 my_lib/i2c.o
 .data          0x00000000        0x0 my_lib/i2c.o
 .bss           0x00000000        0x0 my_lib/i2c.o
 .text.I2C_Init_Slave
                0x00000000       0x12 my_lib/i2c.o
 .text.I2C_GetState
                0x00000000        0x6 my_lib/i2c.o
 .text          0x00000000        0x0 my_lib/line_chacker.o
 .data          0x00000000        0x0 my_lib/line_chacker.o
 .bss           0x00000000        0x0 my_lib/line_chacker.o
 .text.clear_line_status
                0x00000000       0x26 my_lib/line_chacker.o
 .text.measure_resistence_one_line
                0x00000000      0x144 my_lib/line_chacker.o
 .text.calculate_procent
                0x00000000       0x7a my_lib/line_chacker.o
 .text.line_check
                0x00000000      0x144 my_lib/line_chacker.o
 .text.calibration_adc_for_line_checker
                0x00000000       0x96 my_lib/line_chacker.o
 .text.set_lines_to_control
                0x00000000        0xc my_lib/line_chacker.o
 .text.get_lines_to_control
                0x00000000        0x6 my_lib/line_chacker.o
 .text.get_alarms_lines
                0x00000000       0x14 my_lib/line_chacker.o
 .text.measure_resistence_all_line_after_power_on
                0x00000000       0xe8 my_lib/line_chacker.o
 .text.measure_resistence_line_after_timeout
                0x00000000       0x66 my_lib/line_chacker.o
 .text.one_line_check
                0x00000000       0x8e my_lib/line_chacker.o
 .text.start_short_indication
                0x00000000       0x46 my_lib/line_chacker.o
 .bss.LevelLC   0x00000000        0x1 my_lib/line_chacker.o
 .bss.CalibrCoeff
                0x00000000        0x2 my_lib/line_chacker.o
 .text          0x00000000        0x0 my_lib/eep.o
 .data          0x00000000        0x0 my_lib/eep.o
 .bss           0x00000000        0x0 my_lib/eep.o
 .text.eep_write_byte
                0x00000000       0x16 my_lib/eep.o
 .text.eep_read_byte
                0x00000000       0x14 my_lib/eep.o
 .text.eep_write_configuration
                0x00000000       0x3c my_lib/eep.o
 .text.eep_read_configuration
                0x00000000       0xbc my_lib/eep.o
 .text.eep_write_set_lines_to_control
                0x00000000       0x1c my_lib/eep.o
 .text.eep_read_set_lines_to_control
                0x00000000       0x2a my_lib/eep.o
 .comment       0x00000000       0x31 my_lib/eep.o
 .text          0x00000000        0x0 my_lib/relay.o
 .data          0x00000000        0x0 my_lib/relay.o
 .bss           0x00000000        0x0 my_lib/relay.o
 .text.relay_em_init
                0x00000000       0x1c my_lib/relay.o
 .text.set_relay
                0x00000000       0x44 my_lib/relay.o
 .text.get_emergency_input
                0x00000000        0x6 my_lib/relay.o
 .text.set_discret_output
                0x00000000       0xae my_lib/relay.o
 .progmem.gcc_sw_table.set_discret_output
                0x00000000        0xe my_lib/relay.o
 .text.select_audio_source
                0x00000000       0x5e my_lib/relay.o
 .text.power_amplifier_control
                0x00000000       0x2a my_lib/relay.o
 .text.consol_select_audio_channel
                0x00000000       0x3a my_lib/relay.o
 .bss.buf.2184  0x00000000        0x3 my_lib/relay.o
 .bss.SostDD4   0x00000000        0x1 my_lib/relay.o
 .bss.EmergencyInputSost
                0x00000000        0x1 my_lib/relay.o
 .text          0x00000000        0x0 my_lib/hef4052.o
 .data          0x00000000        0x0 my_lib/hef4052.o
 .bss           0x00000000        0x0 my_lib/hef4052.o
 .text.hef4052_init
                0x00000000        0xe my_lib/hef4052.o
 .text.hef4052_master_in
                0x00000000       0x24 my_lib/hef4052.o
 .text.hef4052_um
                0x00000000       0x24 my_lib/hef4052.o
 .comment       0x00000000       0x31 my_lib/hef4052.o
 .text          0x00000000        0x0 my_lib/pt6964.o
 .data          0x00000000        0x0 my_lib/pt6964.o
 .bss           0x00000000        0x0 my_lib/pt6964.o
 .text.pt6964_init
                0x00000000        0xe my_lib/pt6964.o
 .text.bin_to_dec
                0x00000000       0x18 my_lib/pt6964.o
 .text.power_led_green
                0x00000000       0x30 my_lib/pt6964.o
 .text.power_led_blink_green
                0x00000000       0x10 my_lib/pt6964.o
 .text.set_speaker_led_green
                0x00000000       0x96 my_lib/pt6964.o
 .text.set_speaker_led_red
                0x00000000       0x96 my_lib/pt6964.o
 .text.config_parameter_selection
                0x00000000       0x44 my_lib/pt6964.o
 .text.modification_config_parameter
                0x00000000       0x7c my_lib/pt6964.o
 .bss.ButtonTemporarySost.2305
                0x00000000        0x1 my_lib/pt6964.o
 .bss.ButtonSost.2295
                0x00000000        0x1 my_lib/pt6964.o
 .bss.ButtonTemporarySost.2294
                0x00000000        0x1 my_lib/pt6964.o
 .text          0x00000000        0x0 my_lib/spi.o
 .data          0x00000000        0x0 my_lib/spi.o
 .bss           0x00000000        0x0 my_lib/spi.o
 .text.spi_init
                0x00000000       0x16 my_lib/spi.o
 .text.spi_write_byte
                0x00000000        0xe my_lib/spi.o
 .text.spi_write_array
                0x00000000       0x40 my_lib/spi.o
 .comment       0x00000000       0x31 my_lib/spi.o
 .text          0x00000000        0x0 my_lib/timers.o
 .data          0x00000000        0x0 my_lib/timers.o
 .bss           0x00000000        0x0 my_lib/timers.o
 .text.get_hour_counter
                0x00000000        0x6 my_lib/timers.o
 .text.clear_hour_counter
                0x00000000        0xa my_lib/timers.o
 .text.clear_charge_hour_counter
                0x00000000        0xa my_lib/timers.o
 .text          0x00000000        0x0 my_lib/usart.o
 .data          0x00000000        0x0 my_lib/usart.o
 .bss           0x00000000        0x0 my_lib/usart.o
 .text.usart_config_for_protocol
                0x00000000       0x6c my_lib/usart.o
 .text.send_request_from_RA2
                0x00000000       0xe4 my_lib/usart.o
 .text.USART_StartTX
                0x00000000       0x16 my_lib/usart.o
 .bss.TxBuffer  0x00000000        0xa my_lib/usart.o
 .bss.ConsolAudoiChannel
                0x00000000        0x1 my_lib/usart.o
 .bss.ConsolControlSP
                0x00000000        0x1 my_lib/usart.o
 .bss.Priority  0x00000000        0x1 my_lib/usart.o
 .text          0x00000000        0x0 c:/program files (x86)/atmel/studio/7.0/toolchain/avr8/avr8-gnu-toolchain/bin/../lib/gcc/avr/5.4.0/avr5\libgcc.a(_udivmodsi4.o)
 .data          0x00000000        0x0 c:/program files (x86)/atmel/studio/7.0/toolchain/avr8/avr8-gnu-toolchain/bin/../lib/gcc/avr/5.4.0/avr5\libgcc.a(_udivmodsi4.o)
 .bss           0x00000000        0x0 c:/program files (x86)/atmel/studio/7.0/toolchain/avr8/avr8-gnu-toolchain/bin/../lib/gcc/avr/5.4.0/avr5\libgcc.a(_udivmodsi4.o)
 .text.libgcc.mul
                0x00000000        0x0 c:/program files (x86)/atmel/studio/7.0/toolchain/avr8/avr8-gnu-toolchain/bin/../lib/gcc/avr/5.4.0/avr5\libgcc.a(_udivmodsi4.o)
 .text.libgcc.div
                0x00000000       0x44 c:/program files (x86)/atmel/studio/7.0/toolchain/avr8/avr8-gnu-toolchain/bin/../lib/gcc/avr/5.4.0/avr5\libgcc.a(_udivmodsi4.o)
 .text.libgcc   0x00000000        0x0 c:/program files (x86)/atmel/studio/7.0/toolchain/avr8/avr8-gnu-toolchain/bin/../lib/gcc/avr/5.4.0/avr5\libgcc.a(_udivmodsi4.o)
 .text.libgcc.prologue
                0x00000000        0x0 c:/program files (x86)/atmel/studio/7.0/toolchain/avr8/avr8-gnu-toolchain/bin/../lib/gcc/avr/5.4.0/avr5\libgcc.a(_udivmodsi4.o)
 .text.libgcc.builtins
                0x00000000        0x0 c:/program files (x86)/atmel/studio/7.0/toolchain/avr8/avr8-gnu-toolchain/bin/../lib/gcc/avr/5.4.0/avr5\libgcc.a(_udivmodsi4.o)
 .text.libgcc.fmul
                0x00000000        0x0 c:/program files (x86)/atmel/studio/7.0/toolchain/avr8/avr8-gnu-toolchain/bin/../lib/gcc/avr/5.4.0/avr5\libgcc.a(_udivmodsi4.o)
 .text.libgcc.fixed
                0x00000000        0x0 c:/program files (x86)/atmel/studio/7.0/toolchain/avr8/avr8-gnu-toolchain/bin/../lib/gcc/avr/5.4.0/avr5\libgcc.a(_udivmodsi4.o)
 .text          0x00000000        0x0 c:/program files (x86)/atmel/studio/7.0/toolchain/avr8/avr8-gnu-toolchain/bin/../lib/gcc/avr/5.4.0/avr5\libgcc.a(_exit.o)
 .data          0x00000000        0x0 c:/program files (x86)/atmel/studio/7.0/toolchain/avr8/avr8-gnu-toolchain/bin/../lib/gcc/avr/5.4.0/avr5\libgcc.a(_exit.o)
 .bss           0x00000000        0x0 c:/program files (x86)/atmel/studio/7.0/toolchain/avr8/avr8-gnu-toolchain/bin/../lib/gcc/avr/5.4.0/avr5\libgcc.a(_exit.o)
 .text.libgcc.mul
                0x00000000        0x0 c:/program files (x86)/atmel/studio/7.0/toolchain/avr8/avr8-gnu-toolchain/bin/../lib/gcc/avr/5.4.0/avr5\libgcc.a(_exit.o)
 .text.libgcc.div
                0x00000000        0x0 c:/program files (x86)/atmel/studio/7.0/toolchain/avr8/avr8-gnu-toolchain/bin/../lib/gcc/avr/5.4.0/avr5\libgcc.a(_exit.o)
 .text.libgcc   0x00000000        0x0 c:/program files (x86)/atmel/studio/7.0/toolchain/avr8/avr8-gnu-toolchain/bin/../lib/gcc/avr/5.4.0/avr5\libgcc.a(_exit.o)
 .text.libgcc.prologue
                0x00000000        0x0 c:/program files (x86)/atmel/studio/7.0/toolchain/avr8/avr8-gnu-toolchain/bin/../lib/gcc/avr/5.4.0/avr5\libgcc.a(_exit.o)
 .text.libgcc.builtins
                0x00000000        0x0 c:/program files (x86)/atmel/studio/7.0/toolchain/avr8/avr8-gnu-toolchain/bin/../lib/gcc/avr/5.4.0/avr5\libgcc.a(_exit.o)
 .text.libgcc.fmul
                0x00000000        0x0 c:/program files (x86)/atmel/studio/7.0/toolchain/avr8/avr8-gnu-toolchain/bin/../lib/gcc/avr/5.4.0/avr5\libgcc.a(_exit.o)
 .text.libgcc.fixed
                0x00000000        0x0 c:/program files (x86)/atmel/studio/7.0/toolchain/avr8/avr8-gnu-toolchain/bin/../lib/gcc/avr/5.4.0/avr5\libgcc.a(_exit.o)
 .text          0x00000000        0x0 c:/program files (x86)/atmel/studio/7.0/toolchain/avr8/avr8-gnu-toolchain/bin/../lib/gcc/avr/5.4.0/avr5\libgcc.a(_tablejump2.o)
 .data          0x00000000        0x0 c:/program files (x86)/atmel/studio/7.0/toolchain/avr8/avr8-gnu-toolchain/bin/../lib/gcc/avr/5.4.0/avr5\libgcc.a(_tablejump2.o)
 .bss           0x00000000        0x0 c:/program files (x86)/atmel/studio/7.0/toolchain/avr8/avr8-gnu-toolchain/bin/../lib/gcc/avr/5.4.0/avr5\libgcc.a(_tablejump2.o)
 .text.libgcc.mul
                0x00000000        0x0 c:/program files (x86)/atmel/studio/7.0/toolchain/avr8/avr8-gnu-toolchain/bin/../lib/gcc/avr/5.4.0/avr5\libgcc.a(_tablejump2.o)
 .text.libgcc.div
                0x00000000        0x0 c:/program files (x86)/atmel/studio/7.0/toolchain/avr8/avr8-gnu-toolchain/bin/../lib/gcc/avr/5.4.0/avr5\libgcc.a(_tablejump2.o)
 .text.libgcc   0x00000000        0xc c:/program files (x86)/atmel/studio/7.0/toolchain/avr8/avr8-gnu-toolchain/bin/../lib/gcc/avr/5.4.0/avr5\libgcc.a(_tablejump2.o)
 .text.libgcc.prologue
                0x00000000        0x0 c:/program files (x86)/atmel/studio/7.0/toolchain/avr8/avr8-gnu-toolchain/bin/../lib/gcc/avr/5.4.0/avr5\libgcc.a(_tablejump2.o)
 .text.libgcc.builtins
                0x00000000        0x0 c:/program files (x86)/atmel/studio/7.0/toolchain/avr8/avr8-gnu-toolchain/bin/../lib/gcc/avr/5.4.0/avr5\libgcc.a(_tablejump2.o)
 .text.libgcc.fmul
                0x00000000        0x0 c:/program files (x86)/atmel/studio/7.0/toolchain/avr8/avr8-gnu-toolchain/bin/../lib/gcc/avr/5.4.0/avr5\libgcc.a(_tablejump2.o)
 .text.libgcc.fixed
                0x00000000        0x0 c:/program files (x86)/atmel/studio/7.0/toolchain/avr8/avr8-gnu-toolchain/bin/../lib/gcc/avr/5.4.0/avr5\libgcc.a(_tablejump2.o)
 .text          0x00000000        0x0 c:/program files (x86)/atmel/studio/7.0/toolchain/avr8/avr8-gnu-toolchain/bin/../lib/gcc/avr/5.4.0/avr5\libgcc.a(_copy_data.o)
 .data          0x00000000        0x0 c:/program files (x86)/atmel/studio/7.0/toolchain/avr8/avr8-gnu-toolchain/bin/../lib/gcc/avr/5.4.0/avr5\libgcc.a(_copy_data.o)
 .bss           0x00000000        0x0 c:/program files (x86)/atmel/studio/7.0/toolchain/avr8/avr8-gnu-toolchain/bin/../lib/gcc/avr/5.4.0/avr5\libgcc.a(_copy_data.o)
 .text.libgcc.mul
                0x00000000        0x0 c:/program files (x86)/atmel/studio/7.0/toolchain/avr8/avr8-gnu-toolchain/bin/../lib/gcc/avr/5.4.0/avr5\libgcc.a(_copy_data.o)
 .text.libgcc.div
                0x00000000        0x0 c:/program files (x86)/atmel/studio/7.0/toolchain/avr8/avr8-gnu-toolchain/bin/../lib/gcc/avr/5.4.0/avr5\libgcc.a(_copy_data.o)
 .text.libgcc   0x00000000        0x0 c:/program files (x86)/atmel/studio/7.0/toolchain/avr8/avr8-gnu-toolchain/bin/../lib/gcc/avr/5.4.0/avr5\libgcc.a(_copy_data.o)
 .text.libgcc.prologue
                0x00000000        0x0 c:/program files (x86)/atmel/studio/7.0/toolchain/avr8/avr8-gnu-toolchain/bin/../lib/gcc/avr/5.4.0/avr5\libgcc.a(_copy_data.o)
 .text.libgcc.builtins
                0x00000000        0x0 c:/program files (x86)/atmel/studio/7.0/toolchain/avr8/avr8-gnu-toolchain/bin/../lib/gcc/avr/5.4.0/avr5\libgcc.a(_copy_data.o)
 .text.libgcc.fmul
                0x00000000        0x0 c:/program files (x86)/atmel/studio/7.0/toolchain/avr8/avr8-gnu-toolchain/bin/../lib/gcc/avr/5.4.0/avr5\libgcc.a(_copy_data.o)
 .text.libgcc.fixed
                0x00000000        0x0 c:/program files (x86)/atmel/studio/7.0/toolchain/avr8/avr8-gnu-toolchain/bin/../lib/gcc/avr/5.4.0/avr5\libgcc.a(_copy_data.o)
 .text          0x00000000        0x0 c:/program files (x86)/atmel/studio/7.0/toolchain/avr8/avr8-gnu-toolchain/bin/../lib/gcc/avr/5.4.0/avr5\libgcc.a(_clear_bss.o)
 .data          0x00000000        0x0 c:/program files (x86)/atmel/studio/7.0/toolchain/avr8/avr8-gnu-toolchain/bin/../lib/gcc/avr/5.4.0/avr5\libgcc.a(_clear_bss.o)
 .bss           0x00000000        0x0 c:/program files (x86)/atmel/studio/7.0/toolchain/avr8/avr8-gnu-toolchain/bin/../lib/gcc/avr/5.4.0/avr5\libgcc.a(_clear_bss.o)
 .text.libgcc.mul
                0x00000000        0x0 c:/program files (x86)/atmel/studio/7.0/toolchain/avr8/avr8-gnu-toolchain/bin/../lib/gcc/avr/5.4.0/avr5\libgcc.a(_clear_bss.o)
 .text.libgcc.div
                0x00000000        0x0 c:/program files (x86)/atmel/studio/7.0/toolchain/avr8/avr8-gnu-toolchain/bin/../lib/gcc/avr/5.4.0/avr5\libgcc.a(_clear_bss.o)
 .text.libgcc   0x00000000        0x0 c:/program files (x86)/atmel/studio/7.0/toolchain/avr8/avr8-gnu-toolchain/bin/../lib/gcc/avr/5.4.0/avr5\libgcc.a(_clear_bss.o)
 .text.libgcc.prologue
                0x00000000        0x0 c:/program files (x86)/atmel/studio/7.0/toolchain/avr8/avr8-gnu-toolchain/bin/../lib/gcc/avr/5.4.0/avr5\libgcc.a(_clear_bss.o)
 .text.libgcc.builtins
                0x00000000        0x0 c:/program files (x86)/atmel/studio/7.0/toolchain/avr8/avr8-gnu-toolchain/bin/../lib/gcc/avr/5.4.0/avr5\libgcc.a(_clear_bss.o)
 .text.libgcc.fmul
                0x00000000        0x0 c:/program files (x86)/atmel/studio/7.0/toolchain/avr8/avr8-gnu-toolchain/bin/../lib/gcc/avr/5.4.0/avr5\libgcc.a(_clear_bss.o)
 .text.libgcc.fixed
                0x00000000        0x0 c:/program files (x86)/atmel/studio/7.0/toolchain/avr8/avr8-gnu-toolchain/bin/../lib/gcc/avr/5.4.0/avr5\libgcc.a(_clear_bss.o)
 .text          0x00000000        0x0 c:/program files (x86)/atmel/studio/7.0/toolchain/avr8/avr8-gnu-toolchain/bin/../lib/gcc/avr/5.4.0/avr5\libgcc.a(_umulhisi3.o)
 .data          0x00000000        0x0 c:/program files (x86)/atmel/studio/7.0/toolchain/avr8/avr8-gnu-toolchain/bin/../lib/gcc/avr/5.4.0/avr5\libgcc.a(_umulhisi3.o)
 .bss           0x00000000        0x0 c:/program files (x86)/atmel/studio/7.0/toolchain/avr8/avr8-gnu-toolchain/bin/../lib/gcc/avr/5.4.0/avr5\libgcc.a(_umulhisi3.o)
 .text.libgcc.mul
                0x00000000       0x1e c:/program files (x86)/atmel/studio/7.0/toolchain/avr8/avr8-gnu-toolchain/bin/../lib/gcc/avr/5.4.0/avr5\libgcc.a(_umulhisi3.o)
 .text.libgcc.div
                0x00000000        0x0 c:/program files (x86)/atmel/studio/7.0/toolchain/avr8/avr8-gnu-toolchain/bin/../lib/gcc/avr/5.4.0/avr5\libgcc.a(_umulhisi3.o)
 .text.libgcc   0x00000000        0x0 c:/program files (x86)/atmel/studio/7.0/toolchain/avr8/avr8-gnu-toolchain/bin/../lib/gcc/avr/5.4.0/avr5\libgcc.a(_umulhisi3.o)
 .text.libgcc.prologue
                0x00000000        0x0 c:/program files (x86)/atmel/studio/7.0/toolchain/avr8/avr8-gnu-toolchain/bin/../lib/gcc/avr/5.4.0/avr5\libgcc.a(_umulhisi3.o)
 .text.libgcc.builtins
                0x00000000        0x0 c:/program files (x86)/atmel/studio/7.0/toolchain/avr8/avr8-gnu-toolchain/bin/../lib/gcc/avr/5.4.0/avr5\libgcc.a(_umulhisi3.o)
 .text.libgcc.fmul
                0x00000000        0x0 c:/program files (x86)/atmel/studio/7.0/toolchain/avr8/avr8-gnu-toolchain/bin/../lib/gcc/avr/5.4.0/avr5\libgcc.a(_umulhisi3.o)
 .text.libgcc.fixed
                0x00000000        0x0 c:/program files (x86)/atmel/studio/7.0/toolchain/avr8/avr8-gnu-toolchain/bin/../lib/gcc/avr/5.4.0/avr5\libgcc.a(_umulhisi3.o)
 .text          0x00000000        0x0 c:/program files (x86)/atmel/studio/7.0/toolchain/avr8/avr8-gnu-toolchain/bin/../lib/gcc/avr/5.4.0/avr5\libgcc.a(_muluhisi3.o)
 .data          0x00000000        0x0 c:/program files (x86)/atmel/studio/7.0/toolchain/avr8/avr8-gnu-toolchain/bin/../lib/gcc/avr/5.4.0/avr5\libgcc.a(_muluhisi3.o)
 .bss           0x00000000        0x0 c:/program files (x86)/atmel/studio/7.0/toolchain/avr8/avr8-gnu-toolchain/bin/../lib/gcc/avr/5.4.0/avr5\libgcc.a(_muluhisi3.o)
 .text.libgcc.mul
                0x00000000       0x16 c:/program files (x86)/atmel/studio/7.0/toolchain/avr8/avr8-gnu-toolchain/bin/../lib/gcc/avr/5.4.0/avr5\libgcc.a(_muluhisi3.o)
 .text.libgcc.div
                0x00000000        0x0 c:/program files (x86)/atmel/studio/7.0/toolchain/avr8/avr8-gnu-toolchain/bin/../lib/gcc/avr/5.4.0/avr5\libgcc.a(_muluhisi3.o)
 .text.libgcc   0x00000000        0x0 c:/program files (x86)/atmel/studio/7.0/toolchain/avr8/avr8-gnu-toolchain/bin/../lib/gcc/avr/5.4.0/avr5\libgcc.a(_muluhisi3.o)
 .text.libgcc.prologue
                0x00000000        0x0 c:/program files (x86)/atmel/studio/7.0/toolchain/avr8/avr8-gnu-toolchain/bin/../lib/gcc/avr/5.4.0/avr5\libgcc.a(_muluhisi3.o)
 .text.libgcc.builtins
                0x00000000        0x0 c:/program files (x86)/atmel/studio/7.0/toolchain/avr8/avr8-gnu-toolchain/bin/../lib/gcc/avr/5.4.0/avr5\libgcc.a(_muluhisi3.o)
 .text.libgcc.fmul
                0x00000000        0x0 c:/program files (x86)/atmel/studio/7.0/toolchain/avr8/avr8-gnu-toolchain/bin/../lib/gcc/avr/5.4.0/avr5\libgcc.a(_muluhisi3.o)
 .text.libgcc.fixed
                0x00000000        0x0 c:/program files (x86)/atmel/studio/7.0/toolchain/avr8/avr8-gnu-toolchain/bin/../lib/gcc/avr/5.4.0/avr5\libgcc.a(_muluhisi3.o)

Memory Configuration

Name             Origin             Length             Attributes
text             0x00000000         0x00008000         xr
data             0x00800060         0x00000800         rw !x
eeprom           0x00810000         0x00000400         rw !x
fuse             0x00820000         0x00000002         rw !x
lock             0x00830000         0x00000400         rw !x
signature        0x00840000         0x00000400         rw !x
user_signatures  0x00850000         0x00000400         rw !x
*default*        0x00000000         0xffffffff

Linker script and memory map

LOAD C:/Program Files (x86)/Atmel/Studio/7.0/Packs/atmel/ATmega_DFP/1.6.364/gcc/dev/atmega32a/avr5/crtatmega32a.o
LOAD main.o
LOAD my_lib/adc.o
LOAD my_lib/charge.o
LOAD my_lib/i2c.o
LOAD my_lib/line_chacker.o
LOAD my_lib/eep.o
LOAD my_lib/relay.o
LOAD my_lib/hef4052.o
LOAD my_lib/pt6964.o
LOAD my_lib/spi.o
LOAD my_lib/timers.o
LOAD my_lib/usart.o
START GROUP
LOAD c:/program files (x86)/atmel/studio/7.0/toolchain/avr8/avr8-gnu-toolchain/bin/../lib/gcc/avr/5.4.0/../../../../avr/lib/avr5\libm.a
END GROUP
START GROUP
LOAD c:/program files (x86)/atmel/studio/7.0/toolchain/avr8/avr8-gnu-toolchain/bin/../lib/gcc/avr/5.4.0/avr5\libgcc.a
LOAD c:/program files (x86)/atmel/studio/7.0/toolchain/avr8/avr8-gnu-toolchain/bin/../lib/gcc/avr/5.4.0/../../../../avr/lib/avr5\libm.a
LOAD c:/program files (x86)/atmel/studio/7.0/toolchain/avr8/avr8-gnu-toolchain/bin/../lib/gcc/avr/5.4.0/../../../../avr/lib/avr5\libc.a
LOAD C:/Program Files (x86)/Atmel/Studio/7.0/Packs/atmel/ATmega_DFP/1.6.364/gcc/dev/atmega32a/avr5\libatmega32a.a
END GROUP
                [0x00000000]                __TEXT_REGION_ORIGIN__ = DEFINED (__TEXT_REGION_ORIGIN__)?__TEXT_REGION_ORIGIN__:0x0
                [0x00800060]                __DATA_REGION_ORIGIN__ = DEFINED (__DATA_REGION_ORIGIN__)?__DATA_REGION_ORIGIN__:0x800060
                [0x00008000]                __TEXT_REGION_LENGTH__ = DEFINED (__TEXT_REGION_LENGTH__)?__TEXT_REGION_LENGTH__:0x20000
                [0x00000800]                __DATA_REGION_LENGTH__ = DEFINED (__DATA_REGION_LENGTH__)?__DATA_REGION_LENGTH__:0xffa0
                [0x00000400]                __EEPROM_REGION_LENGTH__ = DEFINED (__EEPROM_REGION_LENGTH__)?__EEPROM_REGION_LENGTH__:0x10000
                [0x00000002]                __FUSE_REGION_LENGTH__ = DEFINED (__FUSE_REGION_LENGTH__)?__FUSE_REGION_LENGTH__:0x400
                0x00000400                __LOCK_REGION_LENGTH__ = DEFINED (__LOCK_REGION_LENGTH__)?__LOCK_REGION_LENGTH__:0x400
                0x00000400                __SIGNATURE_REGION_LENGTH__ = DEFINED (__SIGNATURE_REGION_LENGTH__)?__SIGNATURE_REGION_LENGTH__:0x400
                0x00000400                __USER_SIGNATURE_REGION_LENGTH__ = DEFINED (__USER_SIGNATURE_REGION_LENGTH__)?__USER_SIGNATURE_REGION_LENGTH__:0x400

.hash
 *(.hash)

.dynsym
 *(.dynsym)

.dynstr
 *(.dynstr)

.gnu.version
 *(.gnu.version)

.gnu.version_d
 *(.gnu.version_d)

.gnu.version_r
 *(.gnu.version_r)

.rel.init
 *(.rel.init)

.rela.init
 *(.rela.init)

.rel.text
 *(.rel.text)
 *(.rel.text.*)
 *(.rel.gnu.linkonce.t*)

.rela.text
 *(.rela.text)
 *(.rela.text.*)
 *(.rela.gnu.linkonce.t*)

.rel.fini
 *(.rel.fini)

.rela.fini
 *(.rela.fini)

.rel.rodata
 *(.rel.rodata)
 *(.rel.rodata.*)
 *(.rel.gnu.linkonce.r*)

.rela.rodata
 *(.rela.rodata)
 *(.rela.rodata.*)
 *(.rela.gnu.linkonce.r*)

.rel.data
 *(.rel.data)
 *(.rel.data.*)
 *(.rel.gnu.linkonce.d*)

.rela.data
 *(.rela.data)
 *(.rela.data.*)
 *(.rela.gnu.linkonce.d*)

.rel.ctors
 *(.rel.ctors)

.rela.ctors
 *(.rela.ctors)

.rel.dtors
 *(.rel.dtors)

.rela.dtors
 *(.rela.dtors)

.rel.got
 *(.rel.got)

.rela.got
 *(.rela.got)

.rel.bss
 *(.rel.bss)

.rela.bss
 *(.rela.bss)

.rel.plt
 *(.rel.plt)

.rela.plt
 *(.rela.plt)

.text           0x00000000      0xf0c
 *(.vectors)
 .vectors       0x00000000       0x54 C:/Program Files (x86)/Atmel/Studio/7.0/Packs/atmel/ATmega_DFP/1.6.364/gcc/dev/atmega32a/avr5/crtatmega32a.o
                0x00000000                __vector_default
                0x00000000                __vectors
 *(.vectors)
 *(.progmem.gcc*)
                0x00000054                . = ALIGN (0x2)
                0x00000054                __trampolines_start = .
 *(.trampolines)
 .trampolines   0x00000054        0x0 linker stubs
 *(.trampolines*)
                0x00000054                __trampolines_end = .
 *libprintf_flt.a:*(.progmem.data)
 *libc.a:*(.progmem.data)
 *(.progmem*)
 .progmem.data.sumbolTable
                0x00000054       0x12 my_lib/pt6964.o
                0x00000054                sumbolTable
                0x00000066                . = ALIGN (0x2)
 *(.jumptables)
 *(.jumptables*)
 *(.lowtext)
 *(.lowtext*)
                0x00000066                __ctors_start = .
 *(.ctors)
                0x00000066                __ctors_end = .
                0x00000066                __dtors_start = .
 *(.dtors)
                0x00000066                __dtors_end = .
 SORT(*)(.ctors)
 SORT(*)(.dtors)
 *(.init0)
 .init0         0x00000066        0x0 C:/Program Files (x86)/Atmel/Studio/7.0/Packs/atmel/ATmega_DFP/1.6.364/gcc/dev/atmega32a/avr5/crtatmega32a.o
                0x00000066                __init
 *(.init0)
 *(.init1)
 *(.init1)
 *(.init2)
 .init2         0x00000066        0xc C:/Program Files (x86)/Atmel/Studio/7.0/Packs/atmel/ATmega_DFP/1.6.364/gcc/dev/atmega32a/avr5/crtatmega32a.o
 *(.init2)
 *(.init3)
 *(.init3)
 *(.init4)
 .init4         0x00000072       0x16 c:/program files (x86)/atmel/studio/7.0/toolchain/avr8/avr8-gnu-toolchain/bin/../lib/gcc/avr/5.4.0/avr5\libgcc.a(_copy_data.o)
                0x00000072                __do_copy_data
 .init4         0x00000088       0x10 c:/program files (x86)/atmel/studio/7.0/toolchain/avr8/avr8-gnu-toolchain/bin/../lib/gcc/avr/5.4.0/avr5\libgcc.a(_clear_bss.o)
                0x00000088                __do_clear_bss
 *(.init4)
 *(.init5)
 *(.init5)
 *(.init6)
 *(.init6)
 *(.init7)
 *(.init7)
 *(.init8)
 *(.init8)
 *(.init9)
 .init9         0x00000098        0x8 C:/Program Files (x86)/Atmel/Studio/7.0/Packs/atmel/ATmega_DFP/1.6.364/gcc/dev/atmega32a/avr5/crtatmega32a.o
 *(.init9)
 *(.text)
 .text          0x000000a0        0x4 C:/Program Files (x86)/Atmel/Studio/7.0/Packs/atmel/ATmega_DFP/1.6.364/gcc/dev/atmega32a/avr5/crtatmega32a.o
                0x000000a0                __vector_1
                0x000000a0                __vector_12
                0x000000a0                __bad_interrupt
                0x000000a0                __vector_6
                0x000000a0                __vector_3
                0x000000a0                __vector_17
                0x000000a0                __vector_7
                0x000000a0                __vector_5
                0x000000a0                __vector_4
                0x000000a0                __vector_2
                0x000000a0                __vector_8
                0x000000a0                __vector_14
                0x000000a0                __vector_10
                0x000000a0                __vector_18
                0x000000a0                __vector_20
                0x000000a4                . = ALIGN (0x2)
 *(.text.*)
 .text.startup.main
                0x000000a4       0x2a main.o
                0x000000a4                main
 .text.__vector_16
                0x000000ce       0x6a my_lib/adc.o
                0x000000ce                __vector_16
 .text.get_charge_indication
                0x00000138       0x1c my_lib/charge.o
                0x00000138                get_charge_indication
 .text.DoNothing
                0x00000154        0x2 my_lib/i2c.o
                0x00000154                DoNothing
 .text.I2C_Init
                0x00000156       0x14 my_lib/i2c.o
                0x00000156                I2C_Init
 .text.I2C_SetState
                0x0000016a        0x6 my_lib/i2c.o
                0x0000016a                I2C_SetState
 .text.__vector_19
                0x00000170      0x31c my_lib/i2c.o
                0x00000170                __vector_19
 .text.I2C_EppWriteByte
                0x0000048c       0x3e my_lib/i2c.o
                0x0000048c                I2C_EppWriteByte
 .text.get_blocked_speaker_line
                0x000004ca        0x8 my_lib/line_chacker.o
                0x000004ca                get_blocked_speaker_line
 .text.resistence_all_line_indicate
                0x000004d2       0xa6 my_lib/line_chacker.o
                0x000004d2                resistence_all_line_indicate
 .text.get_relay_state
                0x00000578       0x18 my_lib/relay.o
                0x00000578                get_relay_state
 .text.write_byte_to_pt6964
                0x00000590       0x2e my_lib/pt6964.o
 .text.write_command_to_pt6964
                0x000005be        0xc my_lib/pt6964.o
 .text.sorting_button_bit.constprop.1
                0x000005ca       0x62 my_lib/pt6964.o
 .text.write_data_to_face_penel
                0x0000062c       0x52 my_lib/pt6964.o
                0x0000062c                write_data_to_face_penel
 .text.display_set
                0x0000067e       0x64 my_lib/pt6964.o
                0x0000067e                display_set
 .text.display_off
                0x000006e2       0x12 my_lib/pt6964.o
                0x000006e2                display_off
 .text.set_line_checker_led_green
                0x000006f4       0x96 my_lib/pt6964.o
                0x000006f4                set_line_checker_led_green
 .text.set_line_checker_led_red
                0x0000078a       0x96 my_lib/pt6964.o
                0x0000078a                set_line_checker_led_red
 .text.read_button_from_face_penel
                0x00000820      0x10c my_lib/pt6964.o
                0x00000820                read_button_from_face_penel
 .text.get_button
                0x0000092c       0x22 my_lib/pt6964.o
                0x0000092c                get_button
 .text.toggle_button
                0x0000094e       0x6c my_lib/pt6964.o
                0x0000094e                toggle_button
 .text.Timers_Init
                0x000009ba       0x26 my_lib/timers.o
                0x000009ba                Timers_Init
 .text.ms_delay
                0x000009e0       0x3e my_lib/timers.o
                0x000009e0                ms_delay
 .text.__vector_9
                0x00000a1e      0x2de my_lib/timers.o
                0x00000a1e                __vector_9
 .text.__vector_11
                0x00000cfc       0x66 my_lib/timers.o
                0x00000cfc                __vector_11
 .text.crc8_calculation
                0x00000d62       0x28 my_lib/usart.o
 .text.USART_Init
                0x00000d8a       0x1e my_lib/usart.o
                0x00000d8a                USART_Init
 .text.__vector_13
                0x00000da8      0x112 my_lib/usart.o
                0x00000da8                __vector_13
 .text.__vector_15
                0x00000eba       0x4e my_lib/usart.o
                0x00000eba                __vector_15
                0x00000f08                . = ALIGN (0x2)
 *(.fini9)
 .fini9         0x00000f08        0x0 c:/program files (x86)/atmel/studio/7.0/toolchain/avr8/avr8-gnu-toolchain/bin/../lib/gcc/avr/5.4.0/avr5\libgcc.a(_exit.o)
                0x00000f08                _exit
                0x00000f08                exit
 *(.fini9)
 *(.fini8)
 *(.fini8)
 *(.fini7)
 *(.fini7)
 *(.fini6)
 *(.fini6)
 *(.fini5)
 *(.fini5)
 *(.fini4)
 *(.fini4)
 *(.fini3)
 *(.fini3)
 *(.fini2)
 *(.fini2)
 *(.fini1)
 *(.fini1)
 *(.fini0)
 .fini0         0x00000f08        0x4 c:/program files (x86)/atmel/studio/7.0/toolchain/avr8/avr8-gnu-toolchain/bin/../lib/gcc/avr/5.4.0/avr5\libgcc.a(_exit.o)
 *(.fini0)
                0x00000f0c                _etext = .

.data           0x00800060        0xa load address 0x00000f0c
                0x00800060                PROVIDE (__data_start, .)
 *(.data)
 *(.data*)
 .data.ErrorOutFunc
                0x00800060        0x2 my_lib/i2c.o
                0x00800060                ErrorOutFunc
 .data.SlaveOutFunc
                0x00800062        0x2 my_lib/i2c.o
                0x00800062                SlaveOutFunc
 .data.MasterOutFunc
                0x00800064        0x2 my_lib/i2c.o
                0x00800064                MasterOutFunc
 .data.TempDisplayBright
                0x00800066        0x1 my_lib/pt6964.o
                0x00800066                TempDisplayBright
 .data.DisplayBright
                0x00800067        0x1 my_lib/pt6964.o
                0x00800067                DisplayBright
 .data.Timer1EMSelectZone
                0x00800068        0x1 my_lib/timers.o
                0x00800068                Timer1EMSelectZone
 *(.gnu.linkonce.d*)
 *(.rodata)
 *(.rodata*)
 *(.gnu.linkonce.r*)
                0x0080006a                . = ALIGN (0x2)
 *fill*         0x00800069        0x1 
                0x0080006a                _edata = .
                0x0080006a                PROVIDE (__data_end, .)

.bss            0x0080006a       0xdf
                0x0080006a                PROVIDE (__bss_start, .)
 *(.bss)
 *(.bss*)
 .bss.AdcResult
                0x0080006a        0x2 my_lib/adc.o
 .bss.AdcMeasureCounters
                0x0080006c        0x1 my_lib/adc.o
 .bss.ChargeIndicate
                0x0080006d        0x1 my_lib/charge.o
 .bss.LineChackerFlagReg
                0x0080006e        0x1 my_lib/line_chacker.o
 .bss.LineCheckerRelaySost
                0x0080006f        0x1 my_lib/relay.o
 .bss.SpeakerRelaySost
                0x00800070        0x1 my_lib/relay.o
 .bss.SostBut.2263
                0x00800071        0xf my_lib/pt6964.o
 .bss.cycle.2262
                0x00800080        0x1 my_lib/pt6964.o
 .bss.Timer1FastBlinkReg
                0x00800081        0x1 my_lib/timers.o
                0x00800081                Timer1FastBlinkReg
 .bss.Timer1BlinkReg
                0x00800082        0x1 my_lib/timers.o
                0x00800082                Timer1BlinkReg
 .bss.Timer0FlagReg2
                0x00800083        0x1 my_lib/timers.o
                0x00800083                Timer0FlagReg2
 .bss.Timer0FlagReg
                0x00800084        0x1 my_lib/timers.o
                0x00800084                Timer0FlagReg
 .bss.RxBuffer1
                0x00800085       0x50 my_lib/usart.o
 .bss.AdressPointer
                0x008000d5        0x1 my_lib/usart.o
 .bss.ConsolAddress
                0x008000d6        0x1 my_lib/usart.o
 .bss.RequestCount
                0x008000d7        0x1 my_lib/usart.o
 .bss.CycleCount
                0x008000d8        0x2 my_lib/usart.o
 *(COMMON)
 COMMON         0x008000da        0xe my_lib/i2c.o
                0x008000da                i2c_index
                0x008000db                i2c_Buffer
                0x008000de                i2c_SlaveAddress
                0x008000df                i2c_OutBuff
                0x008000e0                i2c_PageAddrCount
                0x008000e1                i2c_PageAddress
                0x008000e3                i2c_PageAddrIndex
                0x008000e4                i2c_ByteCount
                0x008000e5                i2c_SlaveIndex
                0x008000e6                i2c_InBuff
                0x008000e7                i2c_Do
 COMMON         0x008000e8       0x28 my_lib/line_chacker.o
                0x008000e8                StateLineStr
                0x008000f0                ReferenceMeasureResisStr
                0x00800100                CoefficientStr
 COMMON         0x00800110       0x16 my_lib/pt6964.o
                0x00800110                ButtonFacePanelStr
                0x00800115                ButtonSostStr
                0x0080011b                IndicatorsFacePanelStr
 COMMON         0x00800126       0x10 my_lib/timers.o
                0x00800126                Timer0CountersStr
 COMMON         0x00800136       0x13 my_lib/usart.o
                0x00800136                RA_ConfigStr
                0x0080013e                UsartWorkReg
                0x00800142                WorkRegStr
                0x00800149                PROVIDE (__bss_end, .)
                0x00000f0c                __data_load_start = LOADADDR (.data)
                0x00000f16                __data_load_end = (__data_load_start + SIZEOF (.data))

.noinit         0x00800149        0x0
                [!provide]                PROVIDE (__noinit_start, .)
 *(.noinit*)
                [!provide]                PROVIDE (__noinit_end, .)
                0x00800149                _end = .
                [!provide]                PROVIDE (__heap_start, .)

.eeprom         0x00810000        0x0
 *(.eeprom*)
                0x00810000                __eeprom_end = .

.fuse
 *(.fuse)
 *(.lfuse)
 *(.hfuse)
 *(.efuse)

.lock
 *(.lock*)

.signature
 *(.signature*)

.user_signatures
 *(.user_signatures*)

.stab
 *(.stab)

.stabstr
 *(.stabstr)

.stab.excl
 *(.stab.excl)

.stab.exclstr
 *(.stab.exclstr)

.stab.index
 *(.stab.index)

.stab.indexstr
 *(.stab.indexstr)

.comment        0x00000000       0x30
 *(.comment)
 .comment       0x00000000       0x30 main.o
                                 0x31 (size before relaxing)
 .comment       0x00000030       0x31 my_lib/adc.o
 .comment       0x00000030       0x31 my_lib/charge.o
 .comment       0x00000030       0x31 my_lib/i2c.o
 .comment       0x00000030       0x31 my_lib/line_chacker.o
 .comment       0x00000030       0x31 my_lib/relay.o
 .comment       0x00000030       0x31 my_lib/pt6964.o
 .comment       0x00000030       0x31 my_lib/timers.o
 .comment       0x00000030       0x31 my_lib/usart.o

.note.gnu.avr.deviceinfo
                0x00000000       0x3c
 .note.gnu.avr.deviceinfo
                0x00000000       0x3c C:/Program Files (x86)/Atmel/Studio/7.0/Packs/atmel/ATmega_DFP/1.6.364/gcc/dev/atmega32a/avr5/crtatmega32a.o

.note.gnu.build-id
 *(.note.gnu.build-id)

.debug
 *(.debug)

.line
 *(.line)

.debug_srcinfo
 *(.debug_srcinfo)

.debug_sfnames
 *(.debug_sfnames)

.debug_aranges
 *(.debug_aranges)

.debug_pubnames
 *(.debug_pubnames)

.debug_info     0x00000000      0x4e6
 *(.debug_info .gnu.linkonce.wi.*)
 .debug_info    0x00000000      0x4e6 C:/Program Files (x86)/Atmel/Studio/7.0/Packs/atmel/ATmega_DFP/1.6.364/gcc/dev/atmega32a/avr5/crtatmega32a.o

.debug_abbrev   0x00000000      0x4a3
 *(.debug_abbrev)
 .debug_abbrev  0x00000000      0x4a3 C:/Program Files (x86)/Atmel/Studio/7.0/Packs/atmel/ATmega_DFP/1.6.364/gcc/dev/atmega32a/avr5/crtatmega32a.o

.debug_line     0x00000000      0x116
 *(.debug_line .debug_line.* .debug_line_end)
 .debug_line    0x00000000      0x116 C:/Program Files (x86)/Atmel/Studio/7.0/Packs/atmel/ATmega_DFP/1.6.364/gcc/dev/atmega32a/avr5/crtatmega32a.o

.debug_frame
 *(.debug_frame)

.debug_str      0x00000000      0x196
 *(.debug_str)
 .debug_str     0x00000000      0x196 C:/Program Files (x86)/Atmel/Studio/7.0/Packs/atmel/ATmega_DFP/1.6.364/gcc/dev/atmega32a/avr5/crtatmega32a.o

.debug_loc
 *(.debug_loc)

.debug_macinfo
 *(.debug_macinfo)

.debug_weaknames
 *(.debug_weaknames)

.debug_funcnames
 *(.debug_funcnames)

.debug_typenames
 *(.debug_typenames)

.debug_varnames
 *(.debug_varnames)

.debug_pubtypes
 *(.debug_pubtypes)

.debug_ranges
 *(.debug_ranges)

.debug_macro
 *(.debug_macro)
OUTPUT(My_MCU.elf elf32-avr)
LOAD linker stubs
